******************************************************************************
                  TI ARM Linker PC v5.2.5                      
******************************************************************************
>> Linked Sat Dec 17 15:09:33 2016

OUTPUT FILE NAME:   <Worker_1.out>
ENTRY POINT SYMBOL: "_c_int00"  address: 000043d9


MEMORY CONFIGURATION

         name            origin    length      used     unused   attr    fill
----------------------  --------  ---------  --------  --------  ----  --------
  FLASH                 00000000   00040000  00007662  0003899e  R  X
  SRAM                  20000000   00008000  00006140  00001ec0  RW X


SEGMENT ALLOCATION MAP

run origin  load origin   length   init length attrs members
----------  ----------- ---------- ----------- ----- -------
00000000    00000000    00007668   00007668    r-x
  00000000    00000000    0000026c   0000026c    r-- .intvecs
  0000026c    0000026c    00004e14   00004e14    r-x .text
  00005080    00005080    0000021a   0000021a    r-- .const
  000052a0    000052a0    000023c8   000023c8    r-- .cinit
20000000    20000000    000036f8   00000000    rw-
  20000000    20000000    000034f8   00000000    rw- .data
  200034f8    200034f8    00000200   00000000    rw- .stack
20003800    20003800    00002a48   00000000    rw-
  20003800    20003800    00002a48   00000000    rw- .bss


SECTION ALLOCATION MAP

 output                                  attributes/
section   page    origin      length       input sections
--------  ----  ----------  ----------   ----------------
.intvecs   0    00000000    0000026c     
                  00000000    0000026c     tm4c123gh6pge_startup_ccs.obj (.intvecs)

.text      0    0000026c    00004e14     
                  0000026c    000006b4     main.obj (.text:HK_Data_Acquire)
                  00000920    00000630     main.obj (.text:I2C_Decode_TC)
                  00000f50    00000544     main.obj (.text:HK_Begin)
                  00001494    000003b4     main.obj (.text:Bulk_INT)
                  00001848    0000023c     main.obj (.text:LEDAcquire)
                  00001a84    0000020c     main.obj (.text:I2C_Encode_Telemetry)
                  00001c90    000001ea     uartstdio.obj (.text:UARTvprintf)
                  00001e7a    00000002     tm4c123gh6pge_startup_ccs.obj (.text:NmiSR)
                  00001e7c    000001e8     main.obj (.text:GPIOConfigure)
                  00002064    000001dc     main.obj (.text:Boot_Up)
                  00002240    000001d0     main.obj (.text:dE_dX_INT)
                  00002410    0000016c     main.obj (.text:I2C0SlaveIntHandler)
                  0000257c    00000132     driverlib.lib : gpio.obj (.text:GPIOPadConfigSet)
                  000026ae    00000002     rtsv7M4_T_le_v4SPD16_eabi.lib : i_div0.obj (.text)
                  000026b0    0000011c     main.obj (.text:SCI_Timer_INT_Handler)
                  000027cc    00000110     driverlib.lib : sysctl.obj (.text:SysCtlClockGet)
                  000028dc    00000108     main.obj (.text:Fast_Init)
                  000029e4    00000104     main.obj (.text:main)
                  00002ae8    000000fc     rtsv7M4_T_le_v4SPD16_eabi.lib : fd_mul_t2.obj (.text)
                  00002be4    000000f4     driverlib.lib : sysctl.obj (.text:SysCtlClockSet)
                  00002cd8    000000e8     main.obj (.text:PL_SCIENCE_INT_DISABLE)
                  00002dc0    000000e8     main.obj (.text:PYLD_SPEED_SCIENCE_INIT)
                  00002ea8    000000e4     main.obj (.text:PYLD_SPEED_STANDBY_INIT)
                  00002f8c    000000dc     main.obj (.text:Flash_Parameter_Program)
                  00003068    000000dc     main.obj (.text:HV_Value_Set)
                  00003144    000000d0     main.obj (.text:Configure_SSI_Science)
                  00003214    000000cc     main.obj (.text:Disable_Analog)
                  000032e0    000000cc     main.obj (.text:PL_PREV_STATE_CHECK)
                  000033ac    000000c8     main.obj (.text:Configure_DPOT_LED)
                  00003474    000000c4     main.obj (.text:Configure_DPOT)
                  00003538    000000b4     main.obj (.text:Configure_Analog)
                  000035ec    000000b0     main.obj (.text:I2C_Write)
                  0000369c    000000ac     main.obj (.text:InitDMA)
                  00003748    0000009c     rtsv7M4_T_le_v4SPD16_eabi.lib : memcpy_t2.obj (.text)
                  000037e4    00000098     main.obj (.text:ConfigureI2CSlave)
                  0000387c    00000098     main.obj (.text:HV_CONTROL)
                  00003914    00000090     main.obj (.text:PYLD_SPEED_HIBERNATE_INIT)
                  000039a4    0000008c     main.obj (.text:Configure_ADC_SCI)
                  00003a30    0000008c     main.obj (.text:Configure_DAC)
                  00003abc    00000084     driverlib.lib : udma.obj (.text:uDMAChannelTransferSet)
                  00003b40    0000007c     main.obj (.text:GET_HV_VOLTAGE)
                  00003bbc    0000007a     main.obj (.text:ADCSequenceStepConfigure)
                  00003c36    0000007a     rtsv7M4_T_le_v4SPD16_eabi.lib : memset_t2.obj (.text)
                  00003cb0    00000078     main.obj (.text:DMA_SPI_Transfer_Science)
                  00003d28    00000070     main.obj (.text:uc_core_temp)
                  00003d98    0000006c     rtsv7M4_T_le_v4SPD16_eabi.lib : autoinit.obj (.text)
                  00003e04    0000006a                                   : copy_decompress_rle.obj (.text)
                  00003e6e    00000002     --HOLE-- [fill = 0]
                  00003e70    00000068     driverlib.lib : flash.obj (.text:FlashProgram)
                  00003ed8    00000068                   : interrupt.obj (.text:IntDisable)
                  00003f40    00000068                   : interrupt.obj (.text:IntEnable)
                  00003fa8    00000060                   : flash.obj (.text:FlashProtectSet)
                  00004008    00000060                   : timer.obj (.text:TimerConfigure)
                  00004068    00000060     uartstdio.obj (.text:UARTStdioConfig)
                  000040c8    0000005c     main.obj (.text:HK_ISR)
                  00004124    0000005c     main.obj (.text:SSI0_IntHandler)
                  00004180    00000058     main.obj (.text:ConfigureUART)
                  000041d8    00000058     main.obj (.text:Configure_Science_Timer)
                  00004230    00000058     main.obj (.text:DAC_Config)
                  00004288    00000058     main.obj (.text:DAC_Value_SET)
                  000042e0    00000056     driverlib.lib : gpio.obj (.text:GPIOIntTypeSet)
                  00004336    00000002     --HOLE-- [fill = 0]
                  00004338    00000050     main.obj (.text:HV_OVC_ISR)
                  00004388    00000050     driverlib.lib : sysctl.obj (.text:SysCtlPeripheralReset)
                  000043d8    00000050     rtsv7M4_T_le_v4SPD16_eabi.lib : boot.obj (.text)
                  00004428    0000004c     main.obj (.text:ConfigureWatchdog)
                  00004474    0000004c     main.obj (.text:HV_Timer_INT_Handler)
                  000044c0    0000004c     main.obj (.text:SoftLEDConfig)
                  0000450c    0000004c     rtsv7M4_T_le_v4SPD16_eabi.lib : cpy_tbl.obj (.text)
                  00004558    00000048     driverlib.lib : gpio.obj (.text:GPIOPinConfigure)
                  000045a0    00000048                   : interrupt.obj (.text:IntPendClear)
                  000045e8    00000048     uartstdio.obj (.text:UARTwrite)
                  00004630    00000048     main.obj (.text:Watchdog0IntHandler)
                  00004678    00000048     driverlib.lib : udma.obj (.text:uDMAChannelAttributeDisable)
                  000046c0    00000048                   : udma.obj (.text:uDMAChannelAttributeEnable)
                  00004708    00000044     main.obj (.text:Configure_ADC_HV)
                  0000474c    00000044     main.obj (.text:HK_Timer_Config)
                  00004790    00000044     rtsv7M4_T_le_v4SPD16_eabi.lib : exit.obj (.text)
                  000047d4    00000044                                   : fd_tou_t2.obj (.text)
                  00004818    00000040     main.obj (.text:ADCConfigure_TEMP_uC)
                  00004858    00000040     main.obj (.text:FLASH_BUFFER_WRITE)
                  00004898    00000040     rtsv7M4_T_le_v4SPD16_eabi.lib : u_divt2.obj (.text)
                  000048d8    0000003e     main.obj (.text:ADCSequenceConfigure)
                  00004916    0000003c     driverlib.lib : ssi.obj (.text:SSIConfigSetExpClk)
                  00004952    00000002     --HOLE-- [fill = 0]
                  00004954    00000038     main.obj (.text:Print_Buffer)
                  0000498c    00000034     main.obj (.text:Buffer_Clear)
                  000049c0    00000034     main.obj (.text:CRC_16_Calc)
                  000049f4    00000034     main.obj (.text:MAV_Filter)
                  00004a28    00000034     driverlib.lib : sysctl.obj (.text:SysCtlPeripheralEnable)
                  00004a5c    00000034     main.obj (.text:prtData)
                  00004a90    00000030     main.obj (.text:Clean_Buffer)
                  00004ac0    00000030     main.obj (.text:I2C_DATA_PRINT)
                  00004af0    00000030     main.obj (.text:I2C_DATA_PRINT_R)
                  00004b20    0000002e     main.obj (.text:ADCIntStatus)
                  00004b4e    00000002     --HOLE-- [fill = 0]
                  00004b50    0000002c     driverlib.lib : udma.obj (.text:uDMAChannelAssign)
                  00004b7c    0000002a                   : gpio.obj (.text:GPIODirModeSet)
                  00004ba6    00000002     --HOLE-- [fill = 0]
                  00004ba8    00000028     main.obj (.text:BLUELED_Blink)
                  00004bd0    00000028     main.obj (.text:Peak_Detect)
                  00004bf8    00000028     main.obj (.text:REDLED_Blink)
                  00004c20    00000027     tm4c123gh6pge_startup_ccs.obj (.text:IntDefaultHandler)
                  00004c47    00000001     --HOLE-- [fill = 0]
                  00004c48    00000024     driverlib.lib : flash.obj (.text:FlashProtectSave)
                  00004c6c    00000024     main.obj (.text:LED_Buffer_Clear)
                  00004c90    00000024     driverlib.lib : udma.obj (.text:uDMAChannelControlSet)
                  00004cb4    00000020     tm4c123gh6pge_startup_ccs.obj (.text:FaultISR)
                  00004cd4    00000020     rtsv7M4_T_le_v4SPD16_eabi.lib : u_tofd_t2.obj (.text)
                  00004cf4    0000001e     main.obj (.text:ADCSequenceDataGet)
                  00004d12    00000002     --HOLE-- [fill = 0]
                  00004d14    0000001c     main.obj (.text:HV_Switch)
                  00004d30    0000001a     main.obj (.text:Test)
                  00004d4a    0000001a     uartstdio.obj (.text:UARTprintf)
                  00004d64    00000018     main.obj (.text:ADCProcessorTrigger)
                  00004d7c    00000018     driverlib.lib : gpio.obj (.text:GPIOPinTypeGPIOOutput)
                  00004d94    00000018                   : timer.obj (.text:TimerDisable)
                  00004dac    00000018     rtsv7M4_T_le_v4SPD16_eabi.lib : args_main.obj (.text)
                  00004dc4    00000018     driverlib.lib : udma.obj (.text:uDMAChannelDisable)
                  00004ddc    00000018                   : udma.obj (.text:uDMAChannelEnable)
                  00004df4    00000018                   : udma.obj (.text:uDMAChannelIsEnabled)
                  00004e0c    00000016                   : timer.obj (.text:TimerControlEvent)
                  00004e22    00000002     --HOLE-- [fill = 0]
                  00004e24    00000014     rtsv7M4_T_le_v4SPD16_eabi.lib : _lock.obj (.text)
                  00004e38    00000012     driverlib.lib : gpio.obj (.text:GPIOPinTypeADC)
                  00004e4a    00000012                   : gpio.obj (.text:GPIOPinTypeGPIOInput)
                  00004e5c    00000012                   : gpio.obj (.text:GPIOPinTypeI2C)
                  00004e6e    00000012                   : gpio.obj (.text:GPIOPinTypeI2CSCL)
                  00004e80    00000012                   : gpio.obj (.text:GPIOPinTypeSSI)
                  00004e92    00000012                   : gpio.obj (.text:GPIOPinTypeTimer)
                  00004ea4    00000012                   : gpio.obj (.text:GPIOPinTypeUART)
                  00004eb6    00000012                   : timer.obj (.text:TimerLoadSet)
                  00004ec8    00000010                   : i2c.obj (.text:I2CSlaveEnable)
                  00004ed8    00000010                   : interrupt.obj (.text:IntMasterEnable)
                  00004ee8    00000010     main.obj (.text:Reset)
                  00004ef8    00000010     driverlib.lib : systick.obj (.text:SysTickPeriodSet)
                  00004f08    00000010                   : udma.obj (.text:uDMAEnable)
                  00004f18    0000000e     main.obj (.text:ADCHardwareOversampleConfigure)
                  00004f26    0000000e     main.obj (.text:ADCSequenceEnable)
                  00004f34    0000000e     driverlib.lib : gpio.obj (.text:GPIOIntDisable)
                  00004f42    0000000e                   : i2c.obj (.text:I2CSlaveInit)
                  00004f50    0000000e                   : timer.obj (.text:TimerEnable)
                  00004f5e    0000000e     rtsv7M4_T_le_v4SPD16_eabi.lib : copy_decompress_none.obj (.text:decompress:none)
                  00004f6c    0000000c     driverlib.lib : cpu.obj (.text:CPUcpsie)
                  00004f78    0000000c                   : gpio.obj (.text:GPIOIntEnable)
                  00004f84    0000000c                   : i2c.obj (.text:I2CSlaveIntEnableEx)
                  00004f90    0000000c                   : watchdog.obj (.text:WatchdogUnlock)
                  00004f9c    0000000c     rtsv7M4_T_le_v4SPD16_eabi.lib : copy_zero_init.obj (.text:decompress:ZI)
                  00004fa8    0000000c     driverlib.lib : udma.obj (.text:uDMAControlBaseSet)
                  00004fb4    0000000a     main.obj (.text:ADCIntClear)
                  00004fbe    0000000a     driverlib.lib : ssi.obj (.text:SSIDataPut)
                  00004fc8    0000000a                   : ssi.obj (.text:SSIEnable)
                  00004fd2    0000000a                   : ssi.obj (.text:SSIIntStatus)
                  00004fdc    0000000a                   : timer.obj (.text:TimerIntDisable)
                  00004fe6    0000000a                   : watchdog.obj (.text:WatchdogEnable)
                  00004ff0    0000000a                   : watchdog.obj (.text:WatchdogResetEnable)
                  00004ffa    00000008                   : i2c.obj (.text:I2CSlaveIntClear)
                  00005002    00000008                   : ssi.obj (.text:SSIBusy)
                  0000500a    00000008                   : ssi.obj (.text:SSIDMAEnable)
                  00005012    00000008                   : timer.obj (.text:TimerIntEnable)
                  0000501a    00000008                   : watchdog.obj (.text:WatchdogLock)
                  00005022    00000006                   : gpio.obj (.text:GPIOIntClear)
                  00005028    00000006                   : gpio.obj (.text:GPIOPinRead)
                  0000502e    00000006                   : gpio.obj (.text:GPIOPinWrite)
                  00005034    00000006     main.obj (.text:HV_Shutdown)
                  0000503a    00000006     driverlib.lib : i2c.obj (.text:I2CSlaveDataGet)
                  00005040    00000006                   : i2c.obj (.text:I2CSlaveDataPut)
                  00005046    00000006                   : i2c.obj (.text:I2CSlaveIntClearEx)
                  0000504c    00000006                   : i2c.obj (.text:I2CSlaveStatus)
                  00005052    00000006     tm4c123gh6pge_startup_ccs.obj (.text:ResetISR)
                  00005058    00000006     driverlib.lib : sysctl.obj (.text:SysCtlDelay)
                  0000505e    00000006                   : uart.obj (.text:UARTClockSourceSet)
                  00005064    00000006                   : watchdog.obj (.text:WatchdogIntClear)
                  0000506a    00000006     rtsv7M4_T_le_v4SPD16_eabi.lib : copy_decompress_rle.obj (.text:decompress:rle24)
                  00005070    00000004     driverlib.lib : ssi.obj (.text:SSIIntClear)
                  00005074    00000004                   : timer.obj (.text:TimerIntClear)
                  00005078    00000004                   : watchdog.obj (.text:WatchdogReloadSet)
                  0000507c    00000004     rtsv7M4_T_le_v4SPD16_eabi.lib : pre_init.obj (.text)

.const     0    00005080    0000021a     
                  00005080    00000090     driverlib.lib : gpio.obj (.const:g_pui32GPIOBaseAddrs)
                  00005110    00000070                   : interrupt.obj (.const)
                  00005180    0000006c                   : sysctl.obj (.const:g_pui32Xtals)
                  000051ec    00000040                   : flash.obj (.const:g_pui32FMPPERegs)
                  0000522c    00000040                   : flash.obj (.const:g_pui32FMPRERegs)
                  0000526c    0000001c     uartstdio.obj (.const)
                  00005288    00000012     uartstdio.obj (.const:.string)

.cinit     0    000052a0    000023c8     
                  000052a0    0000239d     (.cinit..data.load) [load image, compression = rle]
                  0000763d    00000003     --HOLE-- [fill = 0]
                  00007640    0000000c     (__TI_handler_table)
                  0000764c    00000004     --HOLE-- [fill = 0]
                  00007650    00000008     (.cinit..bss.load) [load image, compression = zero_init]
                  00007658    00000010     (__TI_cinit_table)

.init_array 
*          0    00000000    00000000     UNINITIALIZED

.data      0    20000000    000034f8     UNINITIALIZED
                  20000000    00001a40     main.obj (.data:buffer1)
                  20001a40    00001a40     main.obj (.data:buffer2)
                  20003480    0000005b     main.obj (.data)
                  200034db    00000001     --HOLE--
                  200034dc    00000008     rtsv7M4_T_le_v4SPD16_eabi.lib : _lock.obj (.data)
                  200034e4    00000008                                   : exit.obj (.data)
                  200034ec    00000005     uartstdio.obj (.data)
                  200034f1    00000003     --HOLE--
                  200034f4    00000004     rtsv7M4_T_le_v4SPD16_eabi.lib : stkdepth_vars.obj (.data)

.TI.persistent 
*          0    20000000    00000000     UNINITIALIZED

.stack     0    200034f8    00000200     UNINITIALIZED
                  200034f8    00000200     --HOLE--

.bss       0    20003800    00002a48     UNINITIALIZED
                  20003800    00002000     main.obj (.bss:LED_data)
                  20005800    00000400     main.obj (.bss:FLSH_WR)
                  20005c00    00000400     main.obj (.bss:ui8ControlTable)
                  20006000    0000008c     main.obj (.bss:Data)
                  2000608c    0000008c     main.obj (.bss:g_ui32DataRx)
                  20006118    0000008c     main.obj (.bss:g_ui32DataTx)
                  200061a4    0000003c     main.obj (.bss:BF)
                  200061e0    00000010     (.common:FL_TEMP1)
                  200061f0    0000000c     (.common:FL_TEMP)
                  200061fc    00000004     (.common:ADC_VALUE)
                  20006200    00000004     (.common:I2C_FLAG)
                  20006204    00000004     (.common:TP)
                  20006208    00000004     (.common:TP1)
                  2000620c    00000004     (.common:anticoincidence)
                  20006210    00000004     (.common:coincidence)
                  20006214    00000004     (.common:loop_counter)
                  20006218    00000004     (.common:pia)
                  2000621c    00000004     (.common:ptr1)
                  20006220    00000004     (.common:ptr2)
                  20006224    00000004     (.common:siv)
                  20006228    00000004     (.common:trial2)
                  2000622c    00000004     (.common:ui32Status)
                  20006230    00000002     (.common:high_voltage)
                  20006232    00000002     (.common:low_voltage)
                  20006234    00000002     (.common:packet_sequence_count)
                  20006236    00000002     (.common:ulADC0_Value)
                  20006238    00000002     (.common:ulADC1_Value)
                  2000623a    00000001     (.common:Command)
                  2000623b    00000001     (.common:SPI)
                  2000623c    00000001     (.common:Service)
                  2000623d    00000001     (.common:TCPSC)
                  2000623e    00000001     (.common:flag1)
                  2000623f    00000001     (.common:frame)
                  20006240    00000001     (.common:mode_change)
                  20006241    00000001     (.common:prev_coincidence)
                  20006242    00000001     (.common:pyld_status)
                  20006243    00000001     (.common:science_data_mode)
                  20006244    00000001     (.common:temp)
                  20006245    00000001     (.common:transfer)
                  20006246    00000001     (.common:x)
                  20006247    00000001     (.common:y)

.TI.noinit 
*          0    20003800    00000000     UNINITIALIZED


LINKER GENERATED COPY TABLES

__TI_cinit_table @ 00007658 records: 2, size/record: 8, table size: 16
	.data: load addr=000052a0, load size=0000239d bytes, run addr=20000000, run size=000034f8 bytes, compression=rle
	.bss: load addr=00007650, load size=00000008 bytes, run addr=20003800, run size=00002a48 bytes, compression=zero_init


LINKER GENERATED HANDLER TABLE

__TI_handler_table @ 00007640 records: 3, size/record: 4, table size: 12
	index: 0, handler: __TI_decompress_rle24
	index: 1, handler: __TI_decompress_none
	index: 2, handler: __TI_zero_init


GLOBAL SYMBOLS: SORTED ALPHABETICALLY BY Name 

address   name                          
-------   ----                          
00004819  ADCConfigure_TEMP_uC          
00004f19  ADCHardwareOversampleConfigure
00004fb5  ADCIntClear                   
00004b21  ADCIntStatus                  
00004d65  ADCProcessorTrigger           
000048d9  ADCSequenceConfigure          
00004cf5  ADCSequenceDataGet            
00004f27  ADCSequenceEnable             
00003bbd  ADCSequenceStepConfigure      
200061fc  ADC_VALUE                     
200061a4  BF                            
00004ba9  BLUELED_Blink                 
00002065  Boot_Up                       
200034bc  Buffer                        
20003494  Buffer1                       
0000498d  Buffer_Clear                  
00001495  Bulk_INT                      
00004791  C$$EXIT                       
00004f6d  CPUcpsie                      
000049c1  CRC_16_Calc                   
200034b0  CRC_Value                     
200034b2  CRC_Value1                    
20003498  CTime                         
00004a91  Clean_Buffer                  
2000623a  Command                       
20003490  Config_End                    
20003480  Config_ST                     
20003482  Config_ST_1                   
000037e5  ConfigureI2CSlave             
00004181  ConfigureUART                 
00004429  ConfigureWatchdog             
00004709  Configure_ADC_HV              
000039a5  Configure_ADC_SCI             
00003539  Configure_Analog              
00003a31  Configure_DAC                 
00003475  Configure_DPOT                
000033ad  Configure_DPOT_LED            
00003145  Configure_SSI_Science         
000041d9  Configure_Science_Timer       
20003486  Current_ADC_Value             
2000348e  Current_DAC_Value             
00004231  DAC_Config                    
00004289  DAC_Value_SET                 
00003cb1  DMA_SPI_Transfer_Science      
20006000  Data                          
00003215  Disable_Analog                
200034aa  ED_ADDR                       
200034ab  ED_ADDR1                      
200034b8  ED_ADDR_32                    
2000348c  Error_HV                      
00004859  FLASH_BUFFER_WRITE            
20005800  FLSH_WR                       
200061f0  FL_TEMP                       
200061e0  FL_TEMP1                      
000028dd  Fast_Init                     
200034c0  Flag                          
200034c8  Flag1                         
00003e71  FlashProgram                  
00004c49  FlashProtectSave              
00003fa9  FlashProtectSet               
00002f8d  Flash_Parameter_Program       
00003b41  GET_HV_VOLTAGE                
00001e7d  GPIOConfigure                 
00004b7d  GPIODirModeSet                
00005023  GPIOIntClear                  
00004f35  GPIOIntDisable                
00004f79  GPIOIntEnable                 
000042e1  GPIOIntTypeSet                
0000257d  GPIOPadConfigSet              
00004559  GPIOPinConfigure              
00005029  GPIOPinRead                   
00004e39  GPIOPinTypeADC                
00004e4b  GPIOPinTypeGPIOInput          
00004d7d  GPIOPinTypeGPIOOutput         
00004e5d  GPIOPinTypeI2C                
00004e6f  GPIOPinTypeI2CSCL             
00004e81  GPIOPinTypeSSI                
00004e93  GPIOPinTypeTimer              
00004ea5  GPIOPinTypeUART               
0000502f  GPIOPinWrite                  
00000f51  HK_Begin                      
0000026d  HK_Data_Acquire               
000040c9  HK_ISR                        
0000474d  HK_Timer_Config               
0000387d  HV_CONTROL                    
200034d2  HV_MAX                        
200034d4  HV_MIN                        
00004339  HV_OVC_ISR                    
200034d8  HV_OVC_ST                     
200034a5  HV_SW                         
00005035  HV_Shutdown                   
00004d15  HV_Switch                     
00004475  HV_Timer_INT_Handler          
00003069  HV_Value_Set                  
00002411  I2C0SlaveIntHandler           
0000503b  I2CSlaveDataGet               
00005041  I2CSlaveDataPut               
00004ec9  I2CSlaveEnable                
00004f43  I2CSlaveInit                  
00004ffb  I2CSlaveIntClear              
00005047  I2CSlaveIntClearEx            
00004f85  I2CSlaveIntEnableEx           
0000504d  I2CSlaveStatus                
00004ac1  I2C_DATA_PRINT                
00004af1  I2C_DATA_PRINT_R              
00000921  I2C_Decode_TC                 
00001a85  I2C_Encode_Telemetry          
200034d9  I2C_Err                       
20006200  I2C_FLAG                      
000035ed  I2C_Write                     
200034da  IFLAG                         
20003492  IStatus                       
0000369d  InitDMA                       
00003ed9  IntDisable                    
00003f41  IntEnable                     
00004ed9  IntMasterEnable               
000045a1  IntPendClear                  
00001849  LEDAcquire                    
00004c6d  LED_Buffer_Clear              
2000349c  LED_ISET                      
200034a4  LED_SW                        
20003800  LED_data                      
000049f5  MAV_Filter                    
000032e1  PL_PREV_STATE_CHECK           
00002cd9  PL_SCIENCE_INT_DISABLE        
00003915  PYLD_SPEED_HIBERNATE_INIT     
00002dc1  PYLD_SPEED_SCIENCE_INIT       
00002ea9  PYLD_SPEED_STANDBY_INIT       
00004bd1  Peak_Detect                   
00004955  Print_Buffer                  
20003484  RAMP_UP                       
00004bf9  REDLED_Blink                  
00004ee9  Reset                         
00005053  ResetISR                      
000026b1  SCI_Timer_INT_Handler         
UNDEFED   SHT$$INIT_ARRAY$$Base         
UNDEFED   SHT$$INIT_ARRAY$$Limit        
2000623b  SPI                           
200034a0  SP_MD_ED                      
2000349e  SP_MD_ST                      
00004125  SSI0_IntHandler               
00005003  SSIBusy                       
00004917  SSIConfigSetExpClk            
0000500b  SSIDMAEnable                  
00004fbf  SSIDataPut                    
00004fc9  SSIEnable                     
00005071  SSIIntClear                   
00004fd3  SSIIntStatus                  
200034a8  ST_ADDR                       
200034a9  ST_ADDR1                      
200034b4  ST_ADDR_32                    
2000623c  Service                       
20003488  Set_HV_Value                  
000044c1  SoftLEDConfig                 
000027cd  SysCtlClockGet                
00002be5  SysCtlClockSet                
00005059  SysCtlDelay                   
00004a29  SysCtlPeripheralEnable        
00004389  SysCtlPeripheralReset         
00004ef9  SysTickPeriodSet              
2000623d  TCPSC                         
200034ae  TC_SIZE                       
200034ac  TM_SIZE                       
200034ad  TM_SIZE1                      
20006204  TP                            
20006208  TP1                           
2000349a  TSet                          
00004d31  Test                          
00004009  TimerConfigure                
00004e0d  TimerControlEvent             
00004d95  TimerDisable                  
00004f51  TimerEnable                   
00005075  TimerIntClear                 
00004fdd  TimerIntDisable               
00005013  TimerIntEnable                
00004eb7  TimerLoadSet                  
0000505f  UARTClockSourceSet            
00004069  UARTStdioConfig               
00004d4b  UARTprintf                    
00001c91  UARTvprintf                   
000045e9  UARTwrite                     
200034d7  WTCT                          
00004631  Watchdog0IntHandler           
00004fe7  WatchdogEnable                
00005065  WatchdogIntClear              
0000501b  WatchdogLock                  
00005079  WatchdogReloadSet             
00004ff1  WatchdogResetEnable           
00004f91  WatchdogUnlock                
200036f8  __STACK_END                   
00000200  __STACK_SIZE                  
200036f8  __STACK_TOP                   
00007658  __TI_CINIT_Base               
00007668  __TI_CINIT_Limit              
00007640  __TI_Handler_Table_Base       
0000764c  __TI_Handler_Table_Limit      
00003d99  __TI_auto_init                
200034e4  __TI_cleanup_ptr              
00004f5f  __TI_decompress_none          
0000506b  __TI_decompress_rle24         
200034e8  __TI_dtors_ptr                
00000000  __TI_static_base__            
00004f9d  __TI_zero_init                
000047d5  __aeabi_d2uiz                 
00002ae9  __aeabi_dmul                  
000026af  __aeabi_idiv0                 
00003c37  __aeabi_memclr                
00003c37  __aeabi_memclr4               
00003c37  __aeabi_memclr8               
00003749  __aeabi_memcpy                
00003749  __aeabi_memcpy4               
00003749  __aeabi_memcpy8               
00003c39  __aeabi_memset                
00003c39  __aeabi_memset4               
00003c39  __aeabi_memset8               
00004cd5  __aeabi_ui2d                  
00004899  __aeabi_uidiv                 
00004899  __aeabi_uidivmod              
ffffffff  __binit__                     
ffffffff  __c_args__                    
200034f8  __stack                       
00004dad  _args_main                    
000043d9  _c_int00                      
200034dc  _lock                         
00004e33  _nop                          
00004e2b  _register_lock                
00004e25  _register_unlock              
0000507d  _system_pre_init              
200034e0  _unlock                       
00004795  abort                         
2000620c  anticoincidence               
ffffffff  binit                         
20000000  buffer1                       
20001a40  buffer2                       
20006210  coincidence                   
0000450d  copy_in                       
00002241  dE_dX_INT                     
200034a6  dma                           
200034a7  dma1                          
0000479d  exit                          
2000623e  flag1                         
2000623f  frame                         
00000000  g_pfnVectors                  
2000608c  g_ui32DataRx                  
20006118  g_ui32DataTx                  
20006230  high_voltage                  
200034c4  i                             
20006214  loop_counter                  
20006232  low_voltage                   
000029e5  main                          
200034f4  main_func_sp                  
00003749  memcpy                        
00003c3f  memset                        
20006240  mode_change                   
20006234  packet_sequence_count         
20006218  pia                           
20006241  prev_coincidence              
00004a5d  prtData                       
2000621c  ptr1                          
20006220  ptr2                          
20006242  pyld_status                   
200034a2  pyt                           
20003491  samples                       
20006243  science_data_mode             
20006224  siv                           
20006244  temp                          
200034d0  temp16                        
200034cc  temp32                        
200034d6  temp8                         
20006245  transfer                      
20006228  trial2                        
00004b51  uDMAChannelAssign             
00004679  uDMAChannelAttributeDisable   
000046c1  uDMAChannelAttributeEnable    
00004c91  uDMAChannelControlSet         
00004dc5  uDMAChannelDisable            
00004ddd  uDMAChannelEnable             
00004df5  uDMAChannelIsEnabled          
00003abd  uDMAChannelTransferSet        
00004fa9  uDMAControlBaseSet            
00004f09  uDMAEnable                    
00003d29  uc_core_temp                  
2000622c  ui32Status                    
20005c00  ui8ControlTable               
20006236  ulADC0_Value                  
20006238  ulADC1_Value                  
20006246  x                             
20006247  y                             


GLOBAL SYMBOLS: SORTED BY Symbol Address 

address   name                          
-------   ----                          
00000000  __TI_static_base__            
00000000  g_pfnVectors                  
00000200  __STACK_SIZE                  
0000026d  HK_Data_Acquire               
00000921  I2C_Decode_TC                 
00000f51  HK_Begin                      
00001495  Bulk_INT                      
00001849  LEDAcquire                    
00001a85  I2C_Encode_Telemetry          
00001c91  UARTvprintf                   
00001e7d  GPIOConfigure                 
00002065  Boot_Up                       
00002241  dE_dX_INT                     
00002411  I2C0SlaveIntHandler           
0000257d  GPIOPadConfigSet              
000026af  __aeabi_idiv0                 
000026b1  SCI_Timer_INT_Handler         
000027cd  SysCtlClockGet                
000028dd  Fast_Init                     
000029e5  main                          
00002ae9  __aeabi_dmul                  
00002be5  SysCtlClockSet                
00002cd9  PL_SCIENCE_INT_DISABLE        
00002dc1  PYLD_SPEED_SCIENCE_INIT       
00002ea9  PYLD_SPEED_STANDBY_INIT       
00002f8d  Flash_Parameter_Program       
00003069  HV_Value_Set                  
00003145  Configure_SSI_Science         
00003215  Disable_Analog                
000032e1  PL_PREV_STATE_CHECK           
000033ad  Configure_DPOT_LED            
00003475  Configure_DPOT                
00003539  Configure_Analog              
000035ed  I2C_Write                     
0000369d  InitDMA                       
00003749  __aeabi_memcpy                
00003749  __aeabi_memcpy4               
00003749  __aeabi_memcpy8               
00003749  memcpy                        
000037e5  ConfigureI2CSlave             
0000387d  HV_CONTROL                    
00003915  PYLD_SPEED_HIBERNATE_INIT     
000039a5  Configure_ADC_SCI             
00003a31  Configure_DAC                 
00003abd  uDMAChannelTransferSet        
00003b41  GET_HV_VOLTAGE                
00003bbd  ADCSequenceStepConfigure      
00003c37  __aeabi_memclr                
00003c37  __aeabi_memclr4               
00003c37  __aeabi_memclr8               
00003c39  __aeabi_memset                
00003c39  __aeabi_memset4               
00003c39  __aeabi_memset8               
00003c3f  memset                        
00003cb1  DMA_SPI_Transfer_Science      
00003d29  uc_core_temp                  
00003d99  __TI_auto_init                
00003e71  FlashProgram                  
00003ed9  IntDisable                    
00003f41  IntEnable                     
00003fa9  FlashProtectSet               
00004009  TimerConfigure                
00004069  UARTStdioConfig               
000040c9  HK_ISR                        
00004125  SSI0_IntHandler               
00004181  ConfigureUART                 
000041d9  Configure_Science_Timer       
00004231  DAC_Config                    
00004289  DAC_Value_SET                 
000042e1  GPIOIntTypeSet                
00004339  HV_OVC_ISR                    
00004389  SysCtlPeripheralReset         
000043d9  _c_int00                      
00004429  ConfigureWatchdog             
00004475  HV_Timer_INT_Handler          
000044c1  SoftLEDConfig                 
0000450d  copy_in                       
00004559  GPIOPinConfigure              
000045a1  IntPendClear                  
000045e9  UARTwrite                     
00004631  Watchdog0IntHandler           
00004679  uDMAChannelAttributeDisable   
000046c1  uDMAChannelAttributeEnable    
00004709  Configure_ADC_HV              
0000474d  HK_Timer_Config               
00004791  C$$EXIT                       
00004795  abort                         
0000479d  exit                          
000047d5  __aeabi_d2uiz                 
00004819  ADCConfigure_TEMP_uC          
00004859  FLASH_BUFFER_WRITE            
00004899  __aeabi_uidiv                 
00004899  __aeabi_uidivmod              
000048d9  ADCSequenceConfigure          
00004917  SSIConfigSetExpClk            
00004955  Print_Buffer                  
0000498d  Buffer_Clear                  
000049c1  CRC_16_Calc                   
000049f5  MAV_Filter                    
00004a29  SysCtlPeripheralEnable        
00004a5d  prtData                       
00004a91  Clean_Buffer                  
00004ac1  I2C_DATA_PRINT                
00004af1  I2C_DATA_PRINT_R              
00004b21  ADCIntStatus                  
00004b51  uDMAChannelAssign             
00004b7d  GPIODirModeSet                
00004ba9  BLUELED_Blink                 
00004bd1  Peak_Detect                   
00004bf9  REDLED_Blink                  
00004c49  FlashProtectSave              
00004c6d  LED_Buffer_Clear              
00004c91  uDMAChannelControlSet         
00004cd5  __aeabi_ui2d                  
00004cf5  ADCSequenceDataGet            
00004d15  HV_Switch                     
00004d31  Test                          
00004d4b  UARTprintf                    
00004d65  ADCProcessorTrigger           
00004d7d  GPIOPinTypeGPIOOutput         
00004d95  TimerDisable                  
00004dad  _args_main                    
00004dc5  uDMAChannelDisable            
00004ddd  uDMAChannelEnable             
00004df5  uDMAChannelIsEnabled          
00004e0d  TimerControlEvent             
00004e25  _register_unlock              
00004e2b  _register_lock                
00004e33  _nop                          
00004e39  GPIOPinTypeADC                
00004e4b  GPIOPinTypeGPIOInput          
00004e5d  GPIOPinTypeI2C                
00004e6f  GPIOPinTypeI2CSCL             
00004e81  GPIOPinTypeSSI                
00004e93  GPIOPinTypeTimer              
00004ea5  GPIOPinTypeUART               
00004eb7  TimerLoadSet                  
00004ec9  I2CSlaveEnable                
00004ed9  IntMasterEnable               
00004ee9  Reset                         
00004ef9  SysTickPeriodSet              
00004f09  uDMAEnable                    
00004f19  ADCHardwareOversampleConfigure
00004f27  ADCSequenceEnable             
00004f35  GPIOIntDisable                
00004f43  I2CSlaveInit                  
00004f51  TimerEnable                   
00004f5f  __TI_decompress_none          
00004f6d  CPUcpsie                      
00004f79  GPIOIntEnable                 
00004f85  I2CSlaveIntEnableEx           
00004f91  WatchdogUnlock                
00004f9d  __TI_zero_init                
00004fa9  uDMAControlBaseSet            
00004fb5  ADCIntClear                   
00004fbf  SSIDataPut                    
00004fc9  SSIEnable                     
00004fd3  SSIIntStatus                  
00004fdd  TimerIntDisable               
00004fe7  WatchdogEnable                
00004ff1  WatchdogResetEnable           
00004ffb  I2CSlaveIntClear              
00005003  SSIBusy                       
0000500b  SSIDMAEnable                  
00005013  TimerIntEnable                
0000501b  WatchdogLock                  
00005023  GPIOIntClear                  
00005029  GPIOPinRead                   
0000502f  GPIOPinWrite                  
00005035  HV_Shutdown                   
0000503b  I2CSlaveDataGet               
00005041  I2CSlaveDataPut               
00005047  I2CSlaveIntClearEx            
0000504d  I2CSlaveStatus                
00005053  ResetISR                      
00005059  SysCtlDelay                   
0000505f  UARTClockSourceSet            
00005065  WatchdogIntClear              
0000506b  __TI_decompress_rle24         
00005071  SSIIntClear                   
00005075  TimerIntClear                 
00005079  WatchdogReloadSet             
0000507d  _system_pre_init              
00007640  __TI_Handler_Table_Base       
0000764c  __TI_Handler_Table_Limit      
00007658  __TI_CINIT_Base               
00007668  __TI_CINIT_Limit              
20000000  buffer1                       
20001a40  buffer2                       
20003480  Config_ST                     
20003482  Config_ST_1                   
20003484  RAMP_UP                       
20003486  Current_ADC_Value             
20003488  Set_HV_Value                  
2000348c  Error_HV                      
2000348e  Current_DAC_Value             
20003490  Config_End                    
20003491  samples                       
20003492  IStatus                       
20003494  Buffer1                       
20003498  CTime                         
2000349a  TSet                          
2000349c  LED_ISET                      
2000349e  SP_MD_ST                      
200034a0  SP_MD_ED                      
200034a2  pyt                           
200034a4  LED_SW                        
200034a5  HV_SW                         
200034a6  dma                           
200034a7  dma1                          
200034a8  ST_ADDR                       
200034a9  ST_ADDR1                      
200034aa  ED_ADDR                       
200034ab  ED_ADDR1                      
200034ac  TM_SIZE                       
200034ad  TM_SIZE1                      
200034ae  TC_SIZE                       
200034b0  CRC_Value                     
200034b2  CRC_Value1                    
200034b4  ST_ADDR_32                    
200034b8  ED_ADDR_32                    
200034bc  Buffer                        
200034c0  Flag                          
200034c4  i                             
200034c8  Flag1                         
200034cc  temp32                        
200034d0  temp16                        
200034d2  HV_MAX                        
200034d4  HV_MIN                        
200034d6  temp8                         
200034d7  WTCT                          
200034d8  HV_OVC_ST                     
200034d9  I2C_Err                       
200034da  IFLAG                         
200034dc  _lock                         
200034e0  _unlock                       
200034e4  __TI_cleanup_ptr              
200034e8  __TI_dtors_ptr                
200034f4  main_func_sp                  
200034f8  __stack                       
200036f8  __STACK_END                   
200036f8  __STACK_TOP                   
20003800  LED_data                      
20005800  FLSH_WR                       
20005c00  ui8ControlTable               
20006000  Data                          
2000608c  g_ui32DataRx                  
20006118  g_ui32DataTx                  
200061a4  BF                            
200061e0  FL_TEMP1                      
200061f0  FL_TEMP                       
200061fc  ADC_VALUE                     
20006200  I2C_FLAG                      
20006204  TP                            
20006208  TP1                           
2000620c  anticoincidence               
20006210  coincidence                   
20006214  loop_counter                  
20006218  pia                           
2000621c  ptr1                          
20006220  ptr2                          
20006224  siv                           
20006228  trial2                        
2000622c  ui32Status                    
20006230  high_voltage                  
20006232  low_voltage                   
20006234  packet_sequence_count         
20006236  ulADC0_Value                  
20006238  ulADC1_Value                  
2000623a  Command                       
2000623b  SPI                           
2000623c  Service                       
2000623d  TCPSC                         
2000623e  flag1                         
2000623f  frame                         
20006240  mode_change                   
20006241  prev_coincidence              
20006242  pyld_status                   
20006243  science_data_mode             
20006244  temp                          
20006245  transfer                      
20006246  x                             
20006247  y                             
ffffffff  __binit__                     
ffffffff  __c_args__                    
ffffffff  binit                         
UNDEFED   SHT$$INIT_ARRAY$$Base         
UNDEFED   SHT$$INIT_ARRAY$$Limit        

[288 symbols]
