<?xml version="1.0"?>
<link_info>
   <banner>TI ARM Linker PC v5.2.5</banner>
   <copyright>Copyright (c) 1996-2015 Texas Instruments Incorporated</copyright>
   <link_time>0x585507d5</link_time>
   <link_errors>0x0</link_errors>
   <output_file>Worker_1.out</output_file>
   <entry_point>
      <name>_c_int00</name>
      <address>0x43d9</address>
   </entry_point>
   <input_file_list>
      <input_file id="fl-2">
         <path>.\</path>
         <kind>object</kind>
         <file>main.obj</file>
         <name>main.obj</name>
      </input_file>
      <input_file id="fl-3">
         <path>.\</path>
         <kind>object</kind>
         <file>tm4c123gh6pge_startup_ccs.obj</file>
         <name>tm4c123gh6pge_startup_ccs.obj</name>
      </input_file>
      <input_file id="fl-4">
         <path>.\utils\</path>
         <kind>object</kind>
         <file>uartstdio.obj</file>
         <name>uartstdio.obj</name>
      </input_file>
      <input_file id="fl-a">
         <path>C:\ti\TivaWare_C_Series-2.1.2.111\driverlib\ccs\Debug\</path>
         <kind>archive</kind>
         <file>driverlib.lib</file>
         <name>flash.obj</name>
      </input_file>
      <input_file id="fl-b">
         <path>C:\ti\TivaWare_C_Series-2.1.2.111\driverlib\ccs\Debug\</path>
         <kind>archive</kind>
         <file>driverlib.lib</file>
         <name>gpio.obj</name>
      </input_file>
      <input_file id="fl-c">
         <path>C:\ti\TivaWare_C_Series-2.1.2.111\driverlib\ccs\Debug\</path>
         <kind>archive</kind>
         <file>driverlib.lib</file>
         <name>i2c.obj</name>
      </input_file>
      <input_file id="fl-d">
         <path>C:\ti\TivaWare_C_Series-2.1.2.111\driverlib\ccs\Debug\</path>
         <kind>archive</kind>
         <file>driverlib.lib</file>
         <name>interrupt.obj</name>
      </input_file>
      <input_file id="fl-e">
         <path>C:\ti\TivaWare_C_Series-2.1.2.111\driverlib\ccs\Debug\</path>
         <kind>archive</kind>
         <file>driverlib.lib</file>
         <name>pwm.obj</name>
      </input_file>
      <input_file id="fl-f">
         <path>C:\ti\TivaWare_C_Series-2.1.2.111\driverlib\ccs\Debug\</path>
         <kind>archive</kind>
         <file>driverlib.lib</file>
         <name>ssi.obj</name>
      </input_file>
      <input_file id="fl-10">
         <path>C:\ti\TivaWare_C_Series-2.1.2.111\driverlib\ccs\Debug\</path>
         <kind>archive</kind>
         <file>driverlib.lib</file>
         <name>sysctl.obj</name>
      </input_file>
      <input_file id="fl-11">
         <path>C:\ti\TivaWare_C_Series-2.1.2.111\driverlib\ccs\Debug\</path>
         <kind>archive</kind>
         <file>driverlib.lib</file>
         <name>systick.obj</name>
      </input_file>
      <input_file id="fl-12">
         <path>C:\ti\TivaWare_C_Series-2.1.2.111\driverlib\ccs\Debug\</path>
         <kind>archive</kind>
         <file>driverlib.lib</file>
         <name>timer.obj</name>
      </input_file>
      <input_file id="fl-13">
         <path>C:\ti\TivaWare_C_Series-2.1.2.111\driverlib\ccs\Debug\</path>
         <kind>archive</kind>
         <file>driverlib.lib</file>
         <name>uart.obj</name>
      </input_file>
      <input_file id="fl-14">
         <path>C:\ti\TivaWare_C_Series-2.1.2.111\driverlib\ccs\Debug\</path>
         <kind>archive</kind>
         <file>driverlib.lib</file>
         <name>udma.obj</name>
      </input_file>
      <input_file id="fl-15">
         <path>C:\ti\TivaWare_C_Series-2.1.2.111\driverlib\ccs\Debug\</path>
         <kind>archive</kind>
         <file>driverlib.lib</file>
         <name>watchdog.obj</name>
      </input_file>
      <input_file id="fl-16">
         <path>C:\ti\TivaWare_C_Series-2.1.2.111\driverlib\ccs\Debug\</path>
         <kind>archive</kind>
         <file>driverlib.lib</file>
         <name>cpu.obj</name>
      </input_file>
      <input_file id="fl-138">
         <path>C:\ti\ccsv6\tools\compiler\ti-cgt-arm_5.2.5\lib\</path>
         <kind>archive</kind>
         <file>rtsv7M4_T_le_v4SPD16_eabi.lib</file>
         <name>boot.obj</name>
      </input_file>
      <input_file id="fl-139">
         <path>C:\ti\ccsv6\tools\compiler\ti-cgt-arm_5.2.5\lib\</path>
         <kind>archive</kind>
         <file>rtsv7M4_T_le_v4SPD16_eabi.lib</file>
         <name>copy_decompress_none.obj</name>
      </input_file>
      <input_file id="fl-13a">
         <path>C:\ti\ccsv6\tools\compiler\ti-cgt-arm_5.2.5\lib\</path>
         <kind>archive</kind>
         <file>rtsv7M4_T_le_v4SPD16_eabi.lib</file>
         <name>copy_decompress_rle.obj</name>
      </input_file>
      <input_file id="fl-13b">
         <path>C:\ti\ccsv6\tools\compiler\ti-cgt-arm_5.2.5\lib\</path>
         <kind>archive</kind>
         <file>rtsv7M4_T_le_v4SPD16_eabi.lib</file>
         <name>copy_zero_init.obj</name>
      </input_file>
      <input_file id="fl-13c">
         <path>C:\ti\ccsv6\tools\compiler\ti-cgt-arm_5.2.5\lib\</path>
         <kind>archive</kind>
         <file>rtsv7M4_T_le_v4SPD16_eabi.lib</file>
         <name>exit.obj</name>
      </input_file>
      <input_file id="fl-13d">
         <path>C:\ti\ccsv6\tools\compiler\ti-cgt-arm_5.2.5\lib\</path>
         <kind>archive</kind>
         <file>rtsv7M4_T_le_v4SPD16_eabi.lib</file>
         <name>fd_mul_t2.obj</name>
      </input_file>
      <input_file id="fl-13e">
         <path>C:\ti\ccsv6\tools\compiler\ti-cgt-arm_5.2.5\lib\</path>
         <kind>archive</kind>
         <file>rtsv7M4_T_le_v4SPD16_eabi.lib</file>
         <name>fd_tou_t2.obj</name>
      </input_file>
      <input_file id="fl-13f">
         <path>C:\ti\ccsv6\tools\compiler\ti-cgt-arm_5.2.5\lib\</path>
         <kind>archive</kind>
         <file>rtsv7M4_T_le_v4SPD16_eabi.lib</file>
         <name>memcpy_t2.obj</name>
      </input_file>
      <input_file id="fl-140">
         <path>C:\ti\ccsv6\tools\compiler\ti-cgt-arm_5.2.5\lib\</path>
         <kind>archive</kind>
         <file>rtsv7M4_T_le_v4SPD16_eabi.lib</file>
         <name>memset_t2.obj</name>
      </input_file>
      <input_file id="fl-141">
         <path>C:\ti\ccsv6\tools\compiler\ti-cgt-arm_5.2.5\lib\</path>
         <kind>archive</kind>
         <file>rtsv7M4_T_le_v4SPD16_eabi.lib</file>
         <name>pre_init.obj</name>
      </input_file>
      <input_file id="fl-142">
         <path>C:\ti\ccsv6\tools\compiler\ti-cgt-arm_5.2.5\lib\</path>
         <kind>archive</kind>
         <file>rtsv7M4_T_le_v4SPD16_eabi.lib</file>
         <name>stkdepth_vars.obj</name>
      </input_file>
      <input_file id="fl-143">
         <path>C:\ti\ccsv6\tools\compiler\ti-cgt-arm_5.2.5\lib\</path>
         <kind>archive</kind>
         <file>rtsv7M4_T_le_v4SPD16_eabi.lib</file>
         <name>u_divt2.obj</name>
      </input_file>
      <input_file id="fl-144">
         <path>C:\ti\ccsv6\tools\compiler\ti-cgt-arm_5.2.5\lib\</path>
         <kind>archive</kind>
         <file>rtsv7M4_T_le_v4SPD16_eabi.lib</file>
         <name>u_tofd_t2.obj</name>
      </input_file>
      <input_file id="fl-145">
         <path>C:\ti\ccsv6\tools\compiler\ti-cgt-arm_5.2.5\lib\</path>
         <kind>archive</kind>
         <file>rtsv7M4_T_le_v4SPD16_eabi.lib</file>
         <name>_lock.obj</name>
      </input_file>
      <input_file id="fl-146">
         <path>C:\ti\ccsv6\tools\compiler\ti-cgt-arm_5.2.5\lib\</path>
         <kind>archive</kind>
         <file>rtsv7M4_T_le_v4SPD16_eabi.lib</file>
         <name>args_main.obj</name>
      </input_file>
      <input_file id="fl-147">
         <path>C:\ti\ccsv6\tools\compiler\ti-cgt-arm_5.2.5\lib\</path>
         <kind>archive</kind>
         <file>rtsv7M4_T_le_v4SPD16_eabi.lib</file>
         <name>autoinit.obj</name>
      </input_file>
      <input_file id="fl-148">
         <path>C:\ti\ccsv6\tools\compiler\ti-cgt-arm_5.2.5\lib\</path>
         <kind>archive</kind>
         <file>rtsv7M4_T_le_v4SPD16_eabi.lib</file>
         <name>cpy_tbl.obj</name>
      </input_file>
      <input_file id="fl-149">
         <path>C:\ti\ccsv6\tools\compiler\ti-cgt-arm_5.2.5\lib\</path>
         <kind>archive</kind>
         <file>rtsv7M4_T_le_v4SPD16_eabi.lib</file>
         <name>i_div0.obj</name>
      </input_file>
   </input_file_list>
   <object_component_list>
      <object_component id="oc-f">
         <name>.intvecs</name>
         <load_address>0x0</load_address>
         <run_address>0x0</run_address>
         <size>0x26c</size>
         <input_file_ref idref="fl-3"/>
      </object_component>
      <object_component id="oc-123">
         <name>.text:HK_Data_Acquire</name>
         <load_address>0x26c</load_address>
         <run_address>0x26c</run_address>
         <size>0x6b4</size>
         <input_file_ref idref="fl-2"/>
      </object_component>
      <object_component id="oc-168">
         <name>.text:I2C_Decode_TC</name>
         <load_address>0x920</load_address>
         <run_address>0x920</run_address>
         <size>0x630</size>
         <input_file_ref idref="fl-2"/>
      </object_component>
      <object_component id="oc-461">
         <name>.text:HK_Begin</name>
         <load_address>0xf50</load_address>
         <run_address>0xf50</run_address>
         <size>0x544</size>
         <input_file_ref idref="fl-2"/>
      </object_component>
      <object_component id="oc-42">
         <name>.text:Bulk_INT</name>
         <load_address>0x1494</load_address>
         <run_address>0x1494</run_address>
         <size>0x3b4</size>
         <input_file_ref idref="fl-2"/>
      </object_component>
      <object_component id="oc-2b5">
         <name>.text:LEDAcquire</name>
         <load_address>0x1848</load_address>
         <run_address>0x1848</run_address>
         <size>0x23c</size>
         <input_file_ref idref="fl-2"/>
      </object_component>
      <object_component id="oc-16e">
         <name>.text:I2C_Encode_Telemetry</name>
         <load_address>0x1a84</load_address>
         <run_address>0x1a84</run_address>
         <size>0x20c</size>
         <input_file_ref idref="fl-2"/>
      </object_component>
      <object_component id="oc-1dc">
         <name>.text:UARTvprintf</name>
         <load_address>0x1c90</load_address>
         <run_address>0x1c90</run_address>
         <size>0x1ea</size>
         <input_file_ref idref="fl-4"/>
      </object_component>
      <object_component id="oc-30">
         <name>.text:NmiSR</name>
         <load_address>0x1e7a</load_address>
         <run_address>0x1e7a</run_address>
         <size>0x2</size>
         <input_file_ref idref="fl-3"/>
      </object_component>
      <object_component id="oc-437">
         <name>.text:GPIOConfigure</name>
         <load_address>0x1e7c</load_address>
         <run_address>0x1e7c</run_address>
         <size>0x1e8</size>
         <input_file_ref idref="fl-2"/>
      </object_component>
      <object_component id="oc-443">
         <name>.text:Boot_Up</name>
         <load_address>0x2064</load_address>
         <run_address>0x2064</run_address>
         <size>0x1dc</size>
         <input_file_ref idref="fl-2"/>
      </object_component>
      <object_component id="oc-72">
         <name>.text:dE_dX_INT</name>
         <load_address>0x2240</load_address>
         <run_address>0x2240</run_address>
         <size>0x1d0</size>
         <input_file_ref idref="fl-2"/>
      </object_component>
      <object_component id="oc-66">
         <name>.text:I2C0SlaveIntHandler</name>
         <load_address>0x2410</load_address>
         <run_address>0x2410</run_address>
         <size>0x16c</size>
         <input_file_ref idref="fl-2"/>
      </object_component>
      <object_component id="oc-35e">
         <name>.text:GPIOPadConfigSet</name>
         <load_address>0x257c</load_address>
         <run_address>0x257c</run_address>
         <size>0x132</size>
         <input_file_ref idref="fl-b"/>
      </object_component>
      <object_component id="oc-49f">
         <name>.text</name>
         <load_address>0x26ae</load_address>
         <run_address>0x26ae</run_address>
         <size>0x2</size>
         <input_file_ref idref="fl-149"/>
      </object_component>
      <object_component id="oc-54">
         <name>.text:SCI_Timer_INT_Handler</name>
         <load_address>0x26b0</load_address>
         <run_address>0x26b0</run_address>
         <size>0x11c</size>
         <input_file_ref idref="fl-2"/>
      </object_component>
      <object_component id="oc-ff">
         <name>.text:SysCtlClockGet</name>
         <load_address>0x27cc</load_address>
         <run_address>0x27cc</run_address>
         <size>0x110</size>
         <input_file_ref idref="fl-10"/>
      </object_component>
      <object_component id="oc-488">
         <name>.text:Fast_Init</name>
         <load_address>0x28dc</load_address>
         <run_address>0x28dc</run_address>
         <size>0x108</size>
         <input_file_ref idref="fl-2"/>
      </object_component>
      <object_component id="oc-1c9">
         <name>.text:main</name>
         <load_address>0x29e4</load_address>
         <run_address>0x29e4</run_address>
         <size>0x104</size>
         <input_file_ref idref="fl-2"/>
      </object_component>
      <object_component id="oc-380">
         <name>.text</name>
         <load_address>0x2ae8</load_address>
         <run_address>0x2ae8</run_address>
         <size>0xfc</size>
         <input_file_ref idref="fl-13d"/>
      </object_component>
      <object_component id="oc-2ef">
         <name>.text:SysCtlClockSet</name>
         <load_address>0x2be4</load_address>
         <run_address>0x2be4</run_address>
         <size>0xf4</size>
         <input_file_ref idref="fl-10"/>
      </object_component>
      <object_component id="oc-3b9">
         <name>.text:PL_SCIENCE_INT_DISABLE</name>
         <load_address>0x2cd8</load_address>
         <run_address>0x2cd8</run_address>
         <size>0xe8</size>
         <input_file_ref idref="fl-2"/>
      </object_component>
      <object_component id="oc-31f">
         <name>.text:PYLD_SPEED_SCIENCE_INIT</name>
         <load_address>0x2dc0</load_address>
         <run_address>0x2dc0</run_address>
         <size>0xe8</size>
         <input_file_ref idref="fl-2"/>
      </object_component>
      <object_component id="oc-30d">
         <name>.text:PYLD_SPEED_STANDBY_INIT</name>
         <load_address>0x2ea8</load_address>
         <run_address>0x2ea8</run_address>
         <size>0xe4</size>
         <input_file_ref idref="fl-2"/>
      </object_component>
      <object_component id="oc-307">
         <name>.text:Flash_Parameter_Program</name>
         <load_address>0x2f8c</load_address>
         <run_address>0x2f8c</run_address>
         <size>0xdc</size>
         <input_file_ref idref="fl-2"/>
      </object_component>
      <object_component id="oc-136">
         <name>.text:HV_Value_Set</name>
         <load_address>0x3068</load_address>
         <run_address>0x3068</run_address>
         <size>0xdc</size>
         <input_file_ref idref="fl-2"/>
      </object_component>
      <object_component id="oc-455">
         <name>.text:Configure_SSI_Science</name>
         <load_address>0x3144</load_address>
         <run_address>0x3144</run_address>
         <size>0xd0</size>
         <input_file_ref idref="fl-2"/>
      </object_component>
      <object_component id="oc-3c5">
         <name>.text:Disable_Analog</name>
         <load_address>0x3214</load_address>
         <run_address>0x3214</run_address>
         <size>0xcc</size>
         <input_file_ref idref="fl-2"/>
      </object_component>
      <object_component id="oc-2a3">
         <name>.text:PL_PREV_STATE_CHECK</name>
         <load_address>0x32e0</load_address>
         <run_address>0x32e0</run_address>
         <size>0xcc</size>
         <input_file_ref idref="fl-2"/>
      </object_component>
      <object_component id="oc-297">
         <name>.text:Configure_DPOT_LED</name>
         <load_address>0x33ac</load_address>
         <run_address>0x33ac</run_address>
         <size>0xc8</size>
         <input_file_ref idref="fl-2"/>
      </object_component>
      <object_component id="oc-29d">
         <name>.text:Configure_DPOT</name>
         <load_address>0x3474</load_address>
         <run_address>0x3474</run_address>
         <size>0xc4</size>
         <input_file_ref idref="fl-2"/>
      </object_component>
      <object_component id="oc-46f">
         <name>.text:Configure_Analog</name>
         <load_address>0x3538</load_address>
         <run_address>0x3538</run_address>
         <size>0xb4</size>
         <input_file_ref idref="fl-2"/>
      </object_component>
      <object_component id="oc-2cb">
         <name>.text:I2C_Write</name>
         <load_address>0x35ec</load_address>
         <run_address>0x35ec</run_address>
         <size>0xb0</size>
         <input_file_ref idref="fl-2"/>
      </object_component>
      <object_component id="oc-481">
         <name>.text:InitDMA</name>
         <load_address>0x369c</load_address>
         <run_address>0x369c</run_address>
         <size>0xac</size>
         <input_file_ref idref="fl-2"/>
      </object_component>
      <object_component id="oc-81">
         <name>.text</name>
         <load_address>0x3748</load_address>
         <run_address>0x3748</run_address>
         <size>0x9c</size>
         <input_file_ref idref="fl-13f"/>
      </object_component>
      <object_component id="oc-449">
         <name>.text:ConfigureI2CSlave</name>
         <load_address>0x37e4</load_address>
         <run_address>0x37e4</run_address>
         <size>0x98</size>
         <input_file_ref idref="fl-2"/>
      </object_component>
      <object_component id="oc-27e">
         <name>.text:HV_CONTROL</name>
         <load_address>0x387c</load_address>
         <run_address>0x387c</run_address>
         <size>0x98</size>
         <input_file_ref idref="fl-2"/>
      </object_component>
      <object_component id="oc-319">
         <name>.text:PYLD_SPEED_HIBERNATE_INIT</name>
         <load_address>0x3914</load_address>
         <run_address>0x3914</run_address>
         <size>0x90</size>
         <input_file_ref idref="fl-2"/>
      </object_component>
      <object_component id="oc-26c">
         <name>.text:Configure_ADC_SCI</name>
         <load_address>0x39a4</load_address>
         <run_address>0x39a4</run_address>
         <size>0x8c</size>
         <input_file_ref idref="fl-2"/>
      </object_component>
      <object_component id="oc-475">
         <name>.text:Configure_DAC</name>
         <load_address>0x3a30</load_address>
         <run_address>0x3a30</run_address>
         <size>0x8c</size>
         <input_file_ref idref="fl-2"/>
      </object_component>
      <object_component id="oc-205">
         <name>.text:uDMAChannelTransferSet</name>
         <load_address>0x3abc</load_address>
         <run_address>0x3abc</run_address>
         <size>0x84</size>
         <input_file_ref idref="fl-14"/>
      </object_component>
      <object_component id="oc-266">
         <name>.text:GET_HV_VOLTAGE</name>
         <load_address>0x3b40</load_address>
         <run_address>0x3b40</run_address>
         <size>0x7c</size>
         <input_file_ref idref="fl-2"/>
      </object_component>
      <object_component id="oc-237">
         <name>.text:ADCSequenceStepConfigure</name>
         <load_address>0x3bbc</load_address>
         <run_address>0x3bbc</run_address>
         <size>0x7a</size>
         <input_file_ref idref="fl-2"/>
      </object_component>
      <object_component id="oc-9a">
         <name>.text</name>
         <load_address>0x3c36</load_address>
         <run_address>0x3c36</run_address>
         <size>0x7a</size>
         <input_file_ref idref="fl-140"/>
      </object_component>
      <object_component id="oc-ef">
         <name>.text:DMA_SPI_Transfer_Science</name>
         <load_address>0x3cb0</load_address>
         <run_address>0x3cb0</run_address>
         <size>0x78</size>
         <input_file_ref idref="fl-2"/>
      </object_component>
      <object_component id="oc-260">
         <name>.text:uc_core_temp</name>
         <load_address>0x3d28</load_address>
         <run_address>0x3d28</run_address>
         <size>0x70</size>
         <input_file_ref idref="fl-2"/>
      </object_component>
      <object_component id="oc-ac">
         <name>.text</name>
         <load_address>0x3d98</load_address>
         <run_address>0x3d98</run_address>
         <size>0x6c</size>
         <input_file_ref idref="fl-147"/>
      </object_component>
      <object_component id="oc-8d">
         <name>.text</name>
         <load_address>0x3e04</load_address>
         <run_address>0x3e04</run_address>
         <size>0x6a</size>
         <input_file_ref idref="fl-13a"/>
      </object_component>
      <object_component id="oc-291">
         <name>.text:FlashProgram</name>
         <load_address>0x3e70</load_address>
         <run_address>0x3e70</run_address>
         <size>0x68</size>
         <input_file_ref idref="fl-a"/>
      </object_component>
      <object_component id="oc-13c">
         <name>.text:IntDisable</name>
         <load_address>0x3ed8</load_address>
         <run_address>0x3ed8</run_address>
         <size>0x68</size>
         <input_file_ref idref="fl-d"/>
      </object_component>
      <object_component id="oc-1f9">
         <name>.text:IntEnable</name>
         <load_address>0x3f40</load_address>
         <run_address>0x3f40</run_address>
         <size>0x68</size>
         <input_file_ref idref="fl-d"/>
      </object_component>
      <object_component id="oc-2fb">
         <name>.text:FlashProtectSet</name>
         <load_address>0x3fa8</load_address>
         <run_address>0x3fa8</run_address>
         <size>0x60</size>
         <input_file_ref idref="fl-a"/>
      </object_component>
      <object_component id="oc-535">
         <name>.text:TimerConfigure</name>
         <load_address>0x4008</load_address>
         <run_address>0x4008</run_address>
         <size>0x60</size>
         <input_file_ref idref="fl-12"/>
      </object_component>
      <object_component id="oc-4ff">
         <name>.text:UARTStdioConfig</name>
         <load_address>0x4068</load_address>
         <run_address>0x4068</run_address>
         <size>0x60</size>
         <input_file_ref idref="fl-4"/>
      </object_component>
      <object_component id="oc-5a">
         <name>.text:HK_ISR</name>
         <load_address>0x40c8</load_address>
         <run_address>0x40c8</run_address>
         <size>0x5c</size>
         <input_file_ref idref="fl-2"/>
      </object_component>
      <object_component id="oc-48">
         <name>.text:SSI0_IntHandler</name>
         <load_address>0x4124</load_address>
         <run_address>0x4124</run_address>
         <size>0x5c</size>
         <input_file_ref idref="fl-2"/>
      </object_component>
      <object_component id="oc-43d">
         <name>.text:ConfigureUART</name>
         <load_address>0x4180</load_address>
         <run_address>0x4180</run_address>
         <size>0x58</size>
         <input_file_ref idref="fl-2"/>
      </object_component>
      <object_component id="oc-48e">
         <name>.text:Configure_Science_Timer</name>
         <load_address>0x41d8</load_address>
         <run_address>0x41d8</run_address>
         <size>0x58</size>
         <input_file_ref idref="fl-2"/>
      </object_component>
      <object_component id="oc-47b">
         <name>.text:DAC_Config</name>
         <load_address>0x4230</load_address>
         <run_address>0x4230</run_address>
         <size>0x58</size>
         <input_file_ref idref="fl-2"/>
      </object_component>
      <object_component id="oc-278">
         <name>.text:DAC_Value_SET</name>
         <load_address>0x4288</load_address>
         <run_address>0x4288</run_address>
         <size>0x58</size>
         <input_file_ref idref="fl-2"/>
      </object_component>
      <object_component id="oc-4e6">
         <name>.text:GPIOIntTypeSet</name>
         <load_address>0x42e0</load_address>
         <run_address>0x42e0</run_address>
         <size>0x56</size>
         <input_file_ref idref="fl-b"/>
      </object_component>
      <object_component id="oc-78">
         <name>.text:HV_OVC_ISR</name>
         <load_address>0x4338</load_address>
         <run_address>0x4338</run_address>
         <size>0x50</size>
         <input_file_ref idref="fl-2"/>
      </object_component>
      <object_component id="oc-507">
         <name>.text:SysCtlPeripheralReset</name>
         <load_address>0x4388</load_address>
         <run_address>0x4388</run_address>
         <size>0x50</size>
         <input_file_ref idref="fl-10"/>
      </object_component>
      <object_component id="oc-24">
         <name>.text</name>
         <load_address>0x43d8</load_address>
         <run_address>0x43d8</run_address>
         <size>0x50</size>
         <input_file_ref idref="fl-138"/>
      </object_component>
      <object_component id="oc-2f5">
         <name>.text:ConfigureWatchdog</name>
         <load_address>0x4428</load_address>
         <run_address>0x4428</run_address>
         <size>0x4c</size>
         <input_file_ref idref="fl-2"/>
      </object_component>
      <object_component id="oc-60">
         <name>.text:HV_Timer_INT_Handler</name>
         <load_address>0x4474</load_address>
         <run_address>0x4474</run_address>
         <size>0x4c</size>
         <input_file_ref idref="fl-2"/>
      </object_component>
      <object_component id="oc-3d5">
         <name>.text:SoftLEDConfig</name>
         <load_address>0x44c0</load_address>
         <run_address>0x44c0</run_address>
         <size>0x4c</size>
         <input_file_ref idref="fl-2"/>
      </object_component>
      <object_component id="oc-1c1">
         <name>.text</name>
         <load_address>0x450c</load_address>
         <run_address>0x450c</run_address>
         <size>0x4c</size>
         <input_file_ref idref="fl-148"/>
      </object_component>
      <object_component id="oc-39f">
         <name>.text:GPIOPinConfigure</name>
         <load_address>0x4558</load_address>
         <run_address>0x4558</run_address>
         <size>0x48</size>
         <input_file_ref idref="fl-b"/>
      </object_component>
      <object_component id="oc-186">
         <name>.text:IntPendClear</name>
         <load_address>0x45a0</load_address>
         <run_address>0x45a0</run_address>
         <size>0x48</size>
         <input_file_ref idref="fl-d"/>
      </object_component>
      <object_component id="oc-33c">
         <name>.text:UARTwrite</name>
         <load_address>0x45e8</load_address>
         <run_address>0x45e8</run_address>
         <size>0x48</size>
         <input_file_ref idref="fl-4"/>
      </object_component>
      <object_component id="oc-4e">
         <name>.text:Watchdog0IntHandler</name>
         <load_address>0x4630</load_address>
         <run_address>0x4630</run_address>
         <size>0x48</size>
         <input_file_ref idref="fl-2"/>
      </object_component>
      <object_component id="oc-568">
         <name>.text:uDMAChannelAttributeDisable</name>
         <load_address>0x4678</load_address>
         <run_address>0x4678</run_address>
         <size>0x48</size>
         <input_file_ref idref="fl-14"/>
      </object_component>
      <object_component id="oc-56e">
         <name>.text:uDMAChannelAttributeEnable</name>
         <load_address>0x46c0</load_address>
         <run_address>0x46c0</run_address>
         <size>0x48</size>
         <input_file_ref idref="fl-14"/>
      </object_component>
      <object_component id="oc-375">
         <name>.text:Configure_ADC_HV</name>
         <load_address>0x4708</load_address>
         <run_address>0x4708</run_address>
         <size>0x44</size>
         <input_file_ref idref="fl-2"/>
      </object_component>
      <object_component id="oc-45b">
         <name>.text:HK_Timer_Config</name>
         <load_address>0x474c</load_address>
         <run_address>0x474c</run_address>
         <size>0x44</size>
         <input_file_ref idref="fl-2"/>
      </object_component>
      <object_component id="oc-b8">
         <name>.text</name>
         <load_address>0x4790</load_address>
         <run_address>0x4790</run_address>
         <size>0x44</size>
         <input_file_ref idref="fl-13c"/>
      </object_component>
      <object_component id="oc-385">
         <name>.text</name>
         <load_address>0x47d4</load_address>
         <run_address>0x47d4</run_address>
         <size>0x44</size>
         <input_file_ref idref="fl-13e"/>
      </object_component>
      <object_component id="oc-36e">
         <name>.text:ADCConfigure_TEMP_uC</name>
         <load_address>0x4818</load_address>
         <run_address>0x4818</run_address>
         <size>0x40</size>
         <input_file_ref idref="fl-2"/>
      </object_component>
      <object_component id="oc-2bc">
         <name>.text:FLASH_BUFFER_WRITE</name>
         <load_address>0x4858</load_address>
         <run_address>0x4858</run_address>
         <size>0x40</size>
         <input_file_ref idref="fl-2"/>
      </object_component>
      <object_component id="oc-342">
         <name>.text</name>
         <load_address>0x4898</load_address>
         <run_address>0x4898</run_address>
         <size>0x40</size>
         <input_file_ref idref="fl-143"/>
      </object_component>
      <object_component id="oc-231">
         <name>.text:ADCSequenceConfigure</name>
         <load_address>0x48d8</load_address>
         <run_address>0x48d8</run_address>
         <size>0x3e</size>
         <input_file_ref idref="fl-2"/>
      </object_component>
      <object_component id="oc-3ab">
         <name>.text:SSIConfigSetExpClk</name>
         <load_address>0x4916</load_address>
         <run_address>0x4916</run_address>
         <size>0x3c</size>
         <input_file_ref idref="fl-f"/>
      </object_component>
      <object_component id="oc-313">
         <name>.text:Print_Buffer</name>
         <load_address>0x4954</load_address>
         <run_address>0x4954</run_address>
         <size>0x38</size>
         <input_file_ref idref="fl-2"/>
      </object_component>
      <object_component id="oc-174">
         <name>.text:Buffer_Clear</name>
         <load_address>0x498c</load_address>
         <run_address>0x498c</run_address>
         <size>0x34</size>
         <input_file_ref idref="fl-2"/>
      </object_component>
      <object_component id="oc-162">
         <name>.text:CRC_16_Calc</name>
         <load_address>0x49c0</load_address>
         <run_address>0x49c0</run_address>
         <size>0x34</size>
         <input_file_ref idref="fl-2"/>
      </object_component>
      <object_component id="oc-3e1">
         <name>.text:MAV_Filter</name>
         <load_address>0x49f4</load_address>
         <run_address>0x49f4</run_address>
         <size>0x34</size>
         <input_file_ref idref="fl-2"/>
      </object_component>
      <object_component id="oc-225">
         <name>.text:SysCtlPeripheralEnable</name>
         <load_address>0x4a28</load_address>
         <run_address>0x4a28</run_address>
         <size>0x34</size>
         <input_file_ref idref="fl-10"/>
      </object_component>
      <object_component id="oc-3e7">
         <name>.text:prtData</name>
         <load_address>0x4a5c</load_address>
         <run_address>0x4a5c</run_address>
         <size>0x34</size>
         <input_file_ref idref="fl-2"/>
      </object_component>
      <object_component id="oc-3bf">
         <name>.text:Clean_Buffer</name>
         <load_address>0x4a90</load_address>
         <run_address>0x4a90</run_address>
         <size>0x30</size>
         <input_file_ref idref="fl-2"/>
      </object_component>
      <object_component id="oc-2d1">
         <name>.text:I2C_DATA_PRINT</name>
         <load_address>0x4ac0</load_address>
         <run_address>0x4ac0</run_address>
         <size>0x30</size>
         <input_file_ref idref="fl-2"/>
      </object_component>
      <object_component id="oc-17a">
         <name>.text:I2C_DATA_PRINT_R</name>
         <load_address>0x4af0</load_address>
         <run_address>0x4af0</run_address>
         <size>0x30</size>
         <input_file_ref idref="fl-2"/>
      </object_component>
      <object_component id="oc-cc">
         <name>.text:ADCIntStatus</name>
         <load_address>0x4b20</load_address>
         <run_address>0x4b20</run_address>
         <size>0x2e</size>
         <input_file_ref idref="fl-2"/>
      </object_component>
      <object_component id="oc-562">
         <name>.text:uDMAChannelAssign</name>
         <load_address>0x4b50</load_address>
         <run_address>0x4b50</run_address>
         <size>0x2c</size>
         <input_file_ref idref="fl-14"/>
      </object_component>
      <object_component id="oc-358">
         <name>.text:GPIODirModeSet</name>
         <load_address>0x4b7c</load_address>
         <run_address>0x4b7c</run_address>
         <size>0x2a</size>
         <input_file_ref idref="fl-b"/>
      </object_component>
      <object_component id="oc-10f">
         <name>.text:BLUELED_Blink</name>
         <load_address>0x4ba8</load_address>
         <run_address>0x4ba8</run_address>
         <size>0x28</size>
         <input_file_ref idref="fl-2"/>
      </object_component>
      <object_component id="oc-3ed">
         <name>.text:Peak_Detect</name>
         <load_address>0x4bd0</load_address>
         <run_address>0x4bd0</run_address>
         <size>0x28</size>
         <input_file_ref idref="fl-2"/>
      </object_component>
      <object_component id="oc-f9">
         <name>.text:REDLED_Blink</name>
         <load_address>0x4bf8</load_address>
         <run_address>0x4bf8</run_address>
         <size>0x28</size>
         <input_file_ref idref="fl-2"/>
      </object_component>
      <object_component id="oc-3c">
         <name>.text:IntDefaultHandler</name>
         <load_address>0x4c20</load_address>
         <run_address>0x4c20</run_address>
         <size>0x27</size>
         <input_file_ref idref="fl-3"/>
      </object_component>
      <object_component id="oc-301">
         <name>.text:FlashProtectSave</name>
         <load_address>0x4c48</load_address>
         <run_address>0x4c48</run_address>
         <size>0x24</size>
         <input_file_ref idref="fl-a"/>
      </object_component>
      <object_component id="oc-3cf">
         <name>.text:LED_Buffer_Clear</name>
         <load_address>0x4c6c</load_address>
         <run_address>0x4c6c</run_address>
         <size>0x24</size>
         <input_file_ref idref="fl-2"/>
      </object_component>
      <object_component id="oc-574">
         <name>.text:uDMAChannelControlSet</name>
         <load_address>0x4c90</load_address>
         <run_address>0x4c90</run_address>
         <size>0x24</size>
         <input_file_ref idref="fl-14"/>
      </object_component>
      <object_component id="oc-36">
         <name>.text:FaultISR</name>
         <load_address>0x4cb4</load_address>
         <run_address>0x4cb4</run_address>
         <size>0x20</size>
         <input_file_ref idref="fl-3"/>
      </object_component>
      <object_component id="oc-37b">
         <name>.text</name>
         <load_address>0x4cd4</load_address>
         <run_address>0x4cd4</run_address>
         <size>0x20</size>
         <input_file_ref idref="fl-144"/>
      </object_component>
      <object_component id="oc-255">
         <name>.text:ADCSequenceDataGet</name>
         <load_address>0x4cf4</load_address>
         <run_address>0x4cf4</run_address>
         <size>0x1e</size>
         <input_file_ref idref="fl-2"/>
      </object_component>
      <object_component id="oc-130">
         <name>.text:HV_Switch</name>
         <load_address>0x4d14</load_address>
         <run_address>0x4d14</run_address>
         <size>0x1c</size>
         <input_file_ref idref="fl-2"/>
      </object_component>
      <object_component id="oc-6c">
         <name>.text:Test</name>
         <load_address>0x4d30</load_address>
         <run_address>0x4d30</run_address>
         <size>0x1a</size>
         <input_file_ref idref="fl-2"/>
      </object_component>
      <object_component id="oc-c4">
         <name>.text:UARTprintf</name>
         <load_address>0x4d4a</load_address>
         <run_address>0x4d4a</run_address>
         <size>0x1a</size>
         <input_file_ref idref="fl-4"/>
      </object_component>
      <object_component id="oc-249">
         <name>.text:ADCProcessorTrigger</name>
         <load_address>0x4d64</load_address>
         <run_address>0x4d64</run_address>
         <size>0x18</size>
         <input_file_ref idref="fl-2"/>
      </object_component>
      <object_component id="oc-399">
         <name>.text:GPIOPinTypeGPIOOutput</name>
         <load_address>0x4d7c</load_address>
         <run_address>0x4d7c</run_address>
         <size>0x18</size>
         <input_file_ref idref="fl-b"/>
      </object_component>
      <object_component id="oc-142">
         <name>.text:TimerDisable</name>
         <load_address>0x4d94</load_address>
         <run_address>0x4d94</run_address>
         <size>0x18</size>
         <input_file_ref idref="fl-12"/>
      </object_component>
      <object_component id="oc-b2">
         <name>.text</name>
         <load_address>0x4dac</load_address>
         <run_address>0x4dac</run_address>
         <size>0x18</size>
         <input_file_ref idref="fl-146"/>
      </object_component>
      <object_component id="oc-580">
         <name>.text:uDMAChannelDisable</name>
         <load_address>0x4dc4</load_address>
         <run_address>0x4dc4</run_address>
         <size>0x18</size>
         <input_file_ref idref="fl-14"/>
      </object_component>
      <object_component id="oc-20b">
         <name>.text:uDMAChannelEnable</name>
         <load_address>0x4ddc</load_address>
         <run_address>0x4ddc</run_address>
         <size>0x18</size>
         <input_file_ref idref="fl-14"/>
      </object_component>
      <object_component id="oc-1ff">
         <name>.text:uDMAChannelIsEnabled</name>
         <load_address>0x4df4</load_address>
         <run_address>0x4df4</run_address>
         <size>0x18</size>
         <input_file_ref idref="fl-14"/>
      </object_component>
      <object_component id="oc-58a">
         <name>.text:TimerControlEvent</name>
         <load_address>0x4e0c</load_address>
         <run_address>0x4e0c</run_address>
         <size>0x16</size>
         <input_file_ref idref="fl-12"/>
      </object_component>
      <object_component id="oc-32e">
         <name>.text</name>
         <load_address>0x4e24</load_address>
         <run_address>0x4e24</run_address>
         <size>0x14</size>
         <input_file_ref idref="fl-145"/>
      </object_component>
      <object_component id="oc-22b">
         <name>.text:GPIOPinTypeADC</name>
         <load_address>0x4e38</load_address>
         <run_address>0x4e38</run_address>
         <size>0x12</size>
         <input_file_ref idref="fl-b"/>
      </object_component>
      <object_component id="oc-4e0">
         <name>.text:GPIOPinTypeGPIOInput</name>
         <load_address>0x4e4a</load_address>
         <run_address>0x4e4a</run_address>
         <size>0x12</size>
         <input_file_ref idref="fl-b"/>
      </object_component>
      <object_component id="oc-513">
         <name>.text:GPIOPinTypeI2C</name>
         <load_address>0x4e5c</load_address>
         <run_address>0x4e5c</run_address>
         <size>0x12</size>
         <input_file_ref idref="fl-b"/>
      </object_component>
      <object_component id="oc-50d">
         <name>.text:GPIOPinTypeI2CSCL</name>
         <load_address>0x4e6e</load_address>
         <run_address>0x4e6e</run_address>
         <size>0x12</size>
         <input_file_ref idref="fl-b"/>
      </object_component>
      <object_component id="oc-3a5">
         <name>.text:GPIOPinTypeSSI</name>
         <load_address>0x4e80</load_address>
         <run_address>0x4e80</run_address>
         <size>0x12</size>
         <input_file_ref idref="fl-b"/>
      </object_component>
      <object_component id="oc-590">
         <name>.text:GPIOPinTypeTimer</name>
         <load_address>0x4e92</load_address>
         <run_address>0x4e92</run_address>
         <size>0x12</size>
         <input_file_ref idref="fl-b"/>
      </object_component>
      <object_component id="oc-4f3">
         <name>.text:GPIOPinTypeUART</name>
         <load_address>0x4ea4</load_address>
         <run_address>0x4ea4</run_address>
         <size>0x12</size>
         <input_file_ref idref="fl-b"/>
      </object_component>
      <object_component id="oc-53b">
         <name>.text:TimerLoadSet</name>
         <load_address>0x4eb6</load_address>
         <run_address>0x4eb6</run_address>
         <size>0x12</size>
         <input_file_ref idref="fl-12"/>
      </object_component>
      <object_component id="oc-525">
         <name>.text:I2CSlaveEnable</name>
         <load_address>0x4ec8</load_address>
         <run_address>0x4ec8</run_address>
         <size>0x10</size>
         <input_file_ref idref="fl-c"/>
      </object_component>
      <object_component id="oc-51f">
         <name>.text:IntMasterEnable</name>
         <load_address>0x4ed8</load_address>
         <run_address>0x4ed8</run_address>
         <size>0x10</size>
         <input_file_ref idref="fl-d"/>
      </object_component>
      <object_component id="oc-2ab">
         <name>.text:Reset</name>
         <load_address>0x4ee8</load_address>
         <run_address>0x4ee8</run_address>
         <size>0x10</size>
         <input_file_ref idref="fl-2"/>
      </object_component>
      <object_component id="oc-44f">
         <name>.text:SysTickPeriodSet</name>
         <load_address>0x4ef8</load_address>
         <run_address>0x4ef8</run_address>
         <size>0x10</size>
         <input_file_ref idref="fl-11"/>
      </object_component>
      <object_component id="oc-556">
         <name>.text:uDMAEnable</name>
         <load_address>0x4f08</load_address>
         <run_address>0x4f08</run_address>
         <size>0x10</size>
         <input_file_ref idref="fl-14"/>
      </object_component>
      <object_component id="oc-23d">
         <name>.text:ADCHardwareOversampleConfigure</name>
         <load_address>0x4f18</load_address>
         <run_address>0x4f18</run_address>
         <size>0xe</size>
         <input_file_ref idref="fl-2"/>
      </object_component>
      <object_component id="oc-243">
         <name>.text:ADCSequenceEnable</name>
         <load_address>0x4f26</load_address>
         <run_address>0x4f26</run_address>
         <size>0xe</size>
         <input_file_ref idref="fl-2"/>
      </object_component>
      <object_component id="oc-4c5">
         <name>.text:GPIOIntDisable</name>
         <load_address>0x4f34</load_address>
         <run_address>0x4f34</run_address>
         <size>0xe</size>
         <input_file_ref idref="fl-b"/>
      </object_component>
      <object_component id="oc-52b">
         <name>.text:I2CSlaveInit</name>
         <load_address>0x4f42</load_address>
         <run_address>0x4f42</run_address>
         <size>0xe</size>
         <input_file_ref idref="fl-c"/>
      </object_component>
      <object_component id="oc-541">
         <name>.text:TimerEnable</name>
         <load_address>0x4f50</load_address>
         <run_address>0x4f50</run_address>
         <size>0xe</size>
         <input_file_ref idref="fl-12"/>
      </object_component>
      <object_component id="oc-12">
         <name>.text:decompress:none</name>
         <load_address>0x4f5e</load_address>
         <run_address>0x4f5e</run_address>
         <size>0xe</size>
         <input_file_ref idref="fl-139"/>
      </object_component>
      <object_component id="oc-5ae">
         <name>.text:CPUcpsie</name>
         <load_address>0x4f6c</load_address>
         <run_address>0x4f6c</run_address>
         <size>0xc</size>
         <input_file_ref idref="fl-16"/>
      </object_component>
      <object_component id="oc-4ec">
         <name>.text:GPIOIntEnable</name>
         <load_address>0x4f78</load_address>
         <run_address>0x4f78</run_address>
         <size>0xc</size>
         <input_file_ref idref="fl-b"/>
      </object_component>
      <object_component id="oc-519">
         <name>.text:I2CSlaveIntEnableEx</name>
         <load_address>0x4f84</load_address>
         <run_address>0x4f84</run_address>
         <size>0xc</size>
         <input_file_ref idref="fl-c"/>
      </object_component>
      <object_component id="oc-40e">
         <name>.text:WatchdogUnlock</name>
         <load_address>0x4f90</load_address>
         <run_address>0x4f90</run_address>
         <size>0xc</size>
         <input_file_ref idref="fl-15"/>
      </object_component>
      <object_component id="oc-1e">
         <name>.text:decompress:ZI</name>
         <load_address>0x4f9c</load_address>
         <run_address>0x4f9c</run_address>
         <size>0xc</size>
         <input_file_ref idref="fl-13b"/>
      </object_component>
      <object_component id="oc-55c">
         <name>.text:uDMAControlBaseSet</name>
         <load_address>0x4fa8</load_address>
         <run_address>0x4fa8</run_address>
         <size>0xc</size>
         <input_file_ref idref="fl-14"/>
      </object_component>
      <object_component id="oc-24f">
         <name>.text:ADCIntClear</name>
         <load_address>0x4fb4</load_address>
         <run_address>0x4fb4</run_address>
         <size>0xa</size>
         <input_file_ref idref="fl-2"/>
      </object_component>
      <object_component id="oc-115">
         <name>.text:SSIDataPut</name>
         <load_address>0x4fbe</load_address>
         <run_address>0x4fbe</run_address>
         <size>0xa</size>
         <input_file_ref idref="fl-f"/>
      </object_component>
      <object_component id="oc-3b1">
         <name>.text:SSIEnable</name>
         <load_address>0x4fc8</load_address>
         <run_address>0x4fc8</run_address>
         <size>0xa</size>
         <input_file_ref idref="fl-f"/>
      </object_component>
      <object_component id="oc-e2">
         <name>.text:SSIIntStatus</name>
         <load_address>0x4fd2</load_address>
         <run_address>0x4fd2</run_address>
         <size>0xa</size>
         <input_file_ref idref="fl-f"/>
      </object_component>
      <object_component id="oc-148">
         <name>.text:TimerIntDisable</name>
         <load_address>0x4fdc</load_address>
         <run_address>0x4fdc</run_address>
         <size>0xa</size>
         <input_file_ref idref="fl-12"/>
      </object_component>
      <object_component id="oc-420">
         <name>.text:WatchdogEnable</name>
         <load_address>0x4fe6</load_address>
         <run_address>0x4fe6</run_address>
         <size>0xa</size>
         <input_file_ref idref="fl-15"/>
      </object_component>
      <object_component id="oc-41a">
         <name>.text:WatchdogResetEnable</name>
         <load_address>0x4ff0</load_address>
         <run_address>0x4ff0</run_address>
         <size>0xa</size>
         <input_file_ref idref="fl-15"/>
      </object_component>
      <object_component id="oc-150">
         <name>.text:I2CSlaveIntClear</name>
         <load_address>0x4ffa</load_address>
         <run_address>0x4ffa</run_address>
         <size>0x8</size>
         <input_file_ref idref="fl-c"/>
      </object_component>
      <object_component id="oc-11b">
         <name>.text:SSIBusy</name>
         <load_address>0x5002</load_address>
         <run_address>0x5002</run_address>
         <size>0x8</size>
         <input_file_ref idref="fl-f"/>
      </object_component>
      <object_component id="oc-57a">
         <name>.text:SSIDMAEnable</name>
         <load_address>0x500a</load_address>
         <run_address>0x500a</run_address>
         <size>0x8</size>
         <input_file_ref idref="fl-f"/>
      </object_component>
      <object_component id="oc-547">
         <name>.text:TimerIntEnable</name>
         <load_address>0x5012</load_address>
         <run_address>0x5012</run_address>
         <size>0x8</size>
         <input_file_ref idref="fl-12"/>
      </object_component>
      <object_component id="oc-426">
         <name>.text:WatchdogLock</name>
         <load_address>0x501a</load_address>
         <run_address>0x501a</run_address>
         <size>0x8</size>
         <input_file_ref idref="fl-15"/>
      </object_component>
      <object_component id="oc-194">
         <name>.text:GPIOIntClear</name>
         <load_address>0x5022</load_address>
         <run_address>0x5022</run_address>
         <size>0x6</size>
         <input_file_ref idref="fl-b"/>
      </object_component>
      <object_component id="oc-3db">
         <name>.text:GPIOPinRead</name>
         <load_address>0x5028</load_address>
         <run_address>0x5028</run_address>
         <size>0x6</size>
         <input_file_ref idref="fl-b"/>
      </object_component>
      <object_component id="oc-213">
         <name>.text:GPIOPinWrite</name>
         <load_address>0x502e</load_address>
         <run_address>0x502e</run_address>
         <size>0x6</size>
         <input_file_ref idref="fl-b"/>
      </object_component>
      <object_component id="oc-19a">
         <name>.text:HV_Shutdown</name>
         <load_address>0x5034</load_address>
         <run_address>0x5034</run_address>
         <size>0x6</size>
         <input_file_ref idref="fl-2"/>
      </object_component>
      <object_component id="oc-15c">
         <name>.text:I2CSlaveDataGet</name>
         <load_address>0x503a</load_address>
         <run_address>0x503a</run_address>
         <size>0x6</size>
         <input_file_ref idref="fl-c"/>
      </object_component>
      <object_component id="oc-3fc">
         <name>.text:I2CSlaveDataPut</name>
         <load_address>0x5040</load_address>
         <run_address>0x5040</run_address>
         <size>0x6</size>
         <input_file_ref idref="fl-c"/>
      </object_component>
      <object_component id="oc-180">
         <name>.text:I2CSlaveIntClearEx</name>
         <load_address>0x5046</load_address>
         <run_address>0x5046</run_address>
         <size>0x6</size>
         <input_file_ref idref="fl-c"/>
      </object_component>
      <object_component id="oc-156">
         <name>.text:I2CSlaveStatus</name>
         <load_address>0x504c</load_address>
         <run_address>0x504c</run_address>
         <size>0x6</size>
         <input_file_ref idref="fl-c"/>
      </object_component>
      <object_component id="oc-2a">
         <name>.text:ResetISR</name>
         <load_address>0x5052</load_address>
         <run_address>0x5052</run_address>
         <size>0x6</size>
         <input_file_ref idref="fl-3"/>
      </object_component>
      <object_component id="oc-ee">
         <name>.text:SysCtlDelay</name>
         <load_address>0x5058</load_address>
         <run_address>0x5058</run_address>
         <size>0x6</size>
         <input_file_ref idref="fl-10"/>
      </object_component>
      <object_component id="oc-4f9">
         <name>.text:UARTClockSourceSet</name>
         <load_address>0x505e</load_address>
         <run_address>0x505e</run_address>
         <size>0x6</size>
         <input_file_ref idref="fl-13"/>
      </object_component>
      <object_component id="oc-129">
         <name>.text:WatchdogIntClear</name>
         <load_address>0x5064</load_address>
         <run_address>0x5064</run_address>
         <size>0x6</size>
         <input_file_ref idref="fl-15"/>
      </object_component>
      <object_component id="oc-18">
         <name>.text:decompress:rle24</name>
         <load_address>0x506a</load_address>
         <run_address>0x506a</run_address>
         <size>0x6</size>
         <input_file_ref idref="fl-13a"/>
      </object_component>
      <object_component id="oc-e8">
         <name>.text:SSIIntClear</name>
         <load_address>0x5070</load_address>
         <run_address>0x5070</run_address>
         <size>0x4</size>
         <input_file_ref idref="fl-f"/>
      </object_component>
      <object_component id="oc-109">
         <name>.text:TimerIntClear</name>
         <load_address>0x5074</load_address>
         <run_address>0x5074</run_address>
         <size>0x4</size>
         <input_file_ref idref="fl-12"/>
      </object_component>
      <object_component id="oc-414">
         <name>.text:WatchdogReloadSet</name>
         <load_address>0x5078</load_address>
         <run_address>0x5078</run_address>
         <size>0x4</size>
         <input_file_ref idref="fl-15"/>
      </object_component>
      <object_component id="oc-a6">
         <name>.text</name>
         <load_address>0x507c</load_address>
         <run_address>0x507c</run_address>
         <size>0x4</size>
         <input_file_ref idref="fl-141"/>
      </object_component>
      <object_component id="oc-4be">
         <name>.const:g_pui32GPIOBaseAddrs</name>
         <load_address>0x5080</load_address>
         <run_address>0x5080</run_address>
         <size>0x90</size>
         <input_file_ref idref="fl-b"/>
      </object_component>
      <object_component id="oc-285">
         <name>.const</name>
         <load_address>0x5110</load_address>
         <run_address>0x5110</run_address>
         <size>0x70</size>
         <input_file_ref idref="fl-d"/>
      </object_component>
      <object_component id="oc-21a">
         <name>.const:g_pui32Xtals</name>
         <load_address>0x5180</load_address>
         <run_address>0x5180</run_address>
         <size>0x6c</size>
         <input_file_ref idref="fl-10"/>
      </object_component>
      <object_component id="oc-430">
         <name>.const:g_pui32FMPPERegs</name>
         <load_address>0x51ec</load_address>
         <run_address>0x51ec</run_address>
         <size>0x40</size>
         <input_file_ref idref="fl-a"/>
      </object_component>
      <object_component id="oc-42d">
         <name>.const:g_pui32FMPRERegs</name>
         <load_address>0x522c</load_address>
         <run_address>0x522c</run_address>
         <size>0x40</size>
         <input_file_ref idref="fl-a"/>
      </object_component>
      <object_component id="oc-5a6">
         <name>.const</name>
         <load_address>0x526c</load_address>
         <run_address>0x526c</run_address>
         <size>0x1c</size>
         <input_file_ref idref="fl-4"/>
      </object_component>
      <object_component id="oc-5cb">
         <name>.const:.string</name>
         <load_address>0x5288</load_address>
         <run_address>0x5288</run_address>
         <size>0x12</size>
         <input_file_ref idref="fl-4"/>
      </object_component>
      <object_component id="oc-5f2">
         <name>.cinit..data.load</name>
         <load_address>0x52a0</load_address>
         <run_address>0x52a0</run_address>
         <size>0x239d</size>
      </object_component>
      <object_component id="oc-5f0">
         <name>__TI_handler_table</name>
         <load_address>0x7640</load_address>
         <run_address>0x7640</run_address>
         <size>0xc</size>
      </object_component>
      <object_component id="oc-5f3">
         <name>.cinit..bss.load</name>
         <load_address>0x7650</load_address>
         <run_address>0x7650</run_address>
         <size>0x8</size>
      </object_component>
      <object_component id="oc-5f1">
         <name>__TI_cinit_table</name>
         <load_address>0x7658</load_address>
         <run_address>0x7658</run_address>
         <size>0x10</size>
      </object_component>
      <object_component id="oc-29">
         <name>.stack</name>
         <uninitialized>true</uninitialized>
         <run_address>0x200034f8</run_address>
         <size>0x0</size>
         <input_file_ref idref="fl-138"/>
      </object_component>
      <object_component id="oc-5f4">
         <name>.stack</name>
         <uninitialized>true</uninitialized>
         <run_address>0x200034f8</run_address>
         <size>0x0</size>
      </object_component>
      <object_component id="oc-586">
         <name>.bss:ui8ControlTable</name>
         <uninitialized>true</uninitialized>
         <run_address>0x20005c00</run_address>
         <size>0x400</size>
         <input_file_ref idref="fl-2"/>
      </object_component>
      <object_component id="oc-18c">
         <name>.bss:g_ui32DataRx</name>
         <uninitialized>true</uninitialized>
         <run_address>0x2000608c</run_address>
         <size>0x8c</size>
         <input_file_ref idref="fl-2"/>
      </object_component>
      <object_component id="oc-2c4">
         <name>.bss:g_ui32DataTx</name>
         <uninitialized>true</uninitialized>
         <run_address>0x20006118</run_address>
         <size>0x8c</size>
         <input_file_ref idref="fl-2"/>
      </object_component>
      <object_component id="oc-2c7">
         <name>.bss:FLSH_WR</name>
         <uninitialized>true</uninitialized>
         <run_address>0x20005800</run_address>
         <size>0x400</size>
         <input_file_ref idref="fl-2"/>
      </object_component>
      <object_component id="oc-25d">
         <name>.bss:BF</name>
         <uninitialized>true</uninitialized>
         <run_address>0x200061a4</run_address>
         <size>0x3c</size>
         <input_file_ref idref="fl-2"/>
      </object_component>
      <object_component id="oc-2b2">
         <name>.bss:Data</name>
         <uninitialized>true</uninitialized>
         <run_address>0x20006000</run_address>
         <size>0x8c</size>
         <input_file_ref idref="fl-2"/>
      </object_component>
      <object_component id="oc-3f3">
         <name>.bss:LED_data</name>
         <uninitialized>true</uninitialized>
         <run_address>0x20003800</run_address>
         <size>0x2000</size>
         <input_file_ref idref="fl-2"/>
      </object_component>
      <object_component id="oc-38a">
         <name>.common:ADC_VALUE</name>
         <uninitialized>true</uninitialized>
         <run_address>0x200061fc</run_address>
         <size>0x4</size>
      </object_component>
      <object_component id="oc-121">
         <name>.common:packet_sequence_count</name>
         <uninitialized>true</uninitialized>
         <run_address>0x20006234</run_address>
         <size>0x2</size>
      </object_component>
      <object_component id="oc-d9">
         <name>.common:frame</name>
         <uninitialized>true</uninitialized>
         <run_address>0x2000623f</run_address>
         <size>0x1</size>
      </object_component>
      <object_component id="oc-d6">
         <name>.common:anticoincidence</name>
         <uninitialized>true</uninitialized>
         <run_address>0x2000620c</run_address>
         <size>0x4</size>
      </object_component>
      <object_component id="oc-e0">
         <name>.common:coincidence</name>
         <uninitialized>true</uninitialized>
         <run_address>0x20006210</run_address>
         <size>0x4</size>
      </object_component>
      <object_component id="oc-d7">
         <name>.common:ulADC0_Value</name>
         <uninitialized>true</uninitialized>
         <run_address>0x20006236</run_address>
         <size>0x2</size>
      </object_component>
      <object_component id="oc-d8">
         <name>.common:ulADC1_Value</name>
         <uninitialized>true</uninitialized>
         <run_address>0x20006238</run_address>
         <size>0x2</size>
      </object_component>
      <object_component id="oc-dc">
         <name>.common:x</name>
         <uninitialized>true</uninitialized>
         <run_address>0x20006246</run_address>
         <size>0x1</size>
      </object_component>
      <object_component id="oc-dd">
         <name>.common:y</name>
         <uninitialized>true</uninitialized>
         <run_address>0x20006247</run_address>
         <size>0x1</size>
      </object_component>
      <object_component id="oc-de">
         <name>.common:temp</name>
         <uninitialized>true</uninitialized>
         <run_address>0x20006244</run_address>
         <size>0x1</size>
      </object_component>
      <object_component id="oc-df">
         <name>.common:trial2</name>
         <uninitialized>true</uninitialized>
         <run_address>0x20006228</run_address>
         <size>0x4</size>
      </object_component>
      <object_component id="oc-db">
         <name>.common:science_data_mode</name>
         <uninitialized>true</uninitialized>
         <run_address>0x20006243</run_address>
         <size>0x1</size>
      </object_component>
      <object_component id="oc-f6">
         <name>.common:transfer</name>
         <uninitialized>true</uninitialized>
         <run_address>0x20006245</run_address>
         <size>0x1</size>
      </object_component>
      <object_component id="oc-da">
         <name>.common:ptr1</name>
         <uninitialized>true</uninitialized>
         <run_address>0x2000621c</run_address>
         <size>0x4</size>
      </object_component>
      <object_component id="oc-211">
         <name>.common:ptr2</name>
         <uninitialized>true</uninitialized>
         <run_address>0x20006220</run_address>
         <size>0x4</size>
      </object_component>
      <object_component id="oc-272">
         <name>.common:pyld_status</name>
         <uninitialized>true</uninitialized>
         <run_address>0x20006242</run_address>
         <size>0x1</size>
      </object_component>
      <object_component id="oc-f7">
         <name>.common:SPI</name>
         <uninitialized>true</uninitialized>
         <run_address>0x2000623b</run_address>
         <size>0x1</size>
      </object_component>
      <object_component id="oc-325">
         <name>.common:loop_counter</name>
         <uninitialized>true</uninitialized>
         <run_address>0x20006214</run_address>
         <size>0x4</size>
      </object_component>
      <object_component id="oc-435">
         <name>.common:FL_TEMP1</name>
         <uninitialized>true</uninitialized>
         <run_address>0x200061e0</run_address>
         <size>0x10</size>
      </object_component>
      <object_component id="oc-2c3">
         <name>.common:mode_change</name>
         <uninitialized>true</uninitialized>
         <run_address>0x20006240</run_address>
         <size>0x1</size>
      </object_component>
      <object_component id="oc-14e">
         <name>.common:high_voltage</name>
         <uninitialized>true</uninitialized>
         <run_address>0x20006230</run_address>
         <size>0x2</size>
      </object_component>
      <object_component id="oc-273">
         <name>.common:low_voltage</name>
         <uninitialized>true</uninitialized>
         <run_address>0x20006232</run_address>
         <size>0x2</size>
      </object_component>
      <object_component id="oc-2b1">
         <name>.common:Command</name>
         <uninitialized>true</uninitialized>
         <run_address>0x2000623a</run_address>
         <size>0x1</size>
      </object_component>
      <object_component id="oc-2a9">
         <name>.common:TCPSC</name>
         <uninitialized>true</uninitialized>
         <run_address>0x2000623d</run_address>
         <size>0x1</size>
      </object_component>
      <object_component id="oc-2aa">
         <name>.common:Service</name>
         <uninitialized>true</uninitialized>
         <run_address>0x2000623c</run_address>
         <size>0x1</size>
      </object_component>
      <object_component id="oc-2bb">
         <name>.common:FL_TEMP</name>
         <uninitialized>true</uninitialized>
         <run_address>0x200061f0</run_address>
         <size>0xc</size>
      </object_component>
      <object_component id="oc-190">
         <name>.common:pia</name>
         <uninitialized>true</uninitialized>
         <run_address>0x20006218</run_address>
         <size>0x4</size>
      </object_component>
      <object_component id="oc-2c2">
         <name>.common:siv</name>
         <uninitialized>true</uninitialized>
         <run_address>0x20006224</run_address>
         <size>0x4</size>
      </object_component>
      <object_component id="oc-18f">
         <name>.common:I2C_FLAG</name>
         <uninitialized>true</uninitialized>
         <run_address>0x20006200</run_address>
         <size>0x4</size>
      </object_component>
      <object_component id="oc-25b">
         <name>.common:TP</name>
         <uninitialized>true</uninitialized>
         <run_address>0x20006204</run_address>
         <size>0x4</size>
      </object_component>
      <object_component id="oc-25c">
         <name>.common:TP1</name>
         <uninitialized>true</uninitialized>
         <run_address>0x20006208</run_address>
         <size>0x4</size>
      </object_component>
      <object_component id="oc-f5">
         <name>.common:ui32Status</name>
         <uninitialized>true</uninitialized>
         <run_address>0x2000622c</run_address>
         <size>0x4</size>
      </object_component>
      <object_component id="oc-d2">
         <name>.common:prev_coincidence</name>
         <uninitialized>true</uninitialized>
         <run_address>0x20006241</run_address>
         <size>0x1</size>
      </object_component>
      <object_component id="oc-d5">
         <name>.common:flag1</name>
         <uninitialized>true</uninitialized>
         <run_address>0x2000623e</run_address>
         <size>0x1</size>
      </object_component>
      <object_component id="oc-105">
         <name>.data</name>
         <load_address>0x20003480</load_address>
         <run_address>0x20003480</run_address>
         <size>0x5b</size>
         <input_file_ref idref="fl-2"/>
      </object_component>
      <object_component id="oc-467">
         <name>.data:buffer1</name>
         <load_address>0x20000000</load_address>
         <run_address>0x20000000</run_address>
         <size>0x1a40</size>
         <input_file_ref idref="fl-2"/>
      </object_component>
      <object_component id="oc-46a">
         <name>.data:buffer2</name>
         <load_address>0x20001a40</load_address>
         <run_address>0x20001a40</run_address>
         <size>0x1a40</size>
         <input_file_ref idref="fl-2"/>
      </object_component>
      <object_component id="oc-498">
         <name>.data</name>
         <load_address>0x200034ec</load_address>
         <run_address>0x200034ec</run_address>
         <size>0x5</size>
         <input_file_ref idref="fl-4"/>
      </object_component>
      <object_component id="oc-1d4">
         <name>.data</name>
         <load_address>0x200034e4</load_address>
         <run_address>0x200034e4</run_address>
         <size>0x8</size>
         <input_file_ref idref="fl-13c"/>
      </object_component>
      <object_component id="oc-be">
         <name>.data</name>
         <load_address>0x200034f4</load_address>
         <run_address>0x200034f4</run_address>
         <size>0x4</size>
         <input_file_ref idref="fl-142"/>
      </object_component>
      <object_component id="oc-1d1">
         <name>.data</name>
         <load_address>0x200034dc</load_address>
         <run_address>0x200034dc</run_address>
         <size>0x8</size>
         <input_file_ref idref="fl-145"/>
      </object_component>
      <object_component id="oc-d3">
         <name>.debug_info</name>
         <load_address>0x0</load_address>
         <run_address>0x0</run_address>
         <size>0x185b</size>
         <input_file_ref idref="fl-2"/>
      </object_component>
      <object_component id="oc-106">
         <name>.debug_info</name>
         <load_address>0x185b</load_address>
         <run_address>0x185b</run_address>
         <size>0x62c</size>
         <input_file_ref idref="fl-2"/>
      </object_component>
      <object_component id="oc-587">
         <name>.debug_info</name>
         <load_address>0x1e87</load_address>
         <run_address>0x1e87</run_address>
         <size>0xd0</size>
         <input_file_ref idref="fl-2"/>
      </object_component>
      <object_component id="oc-468">
         <name>.debug_info</name>
         <load_address>0x1f57</load_address>
         <run_address>0x1f57</run_address>
         <size>0xc0</size>
         <input_file_ref idref="fl-2"/>
      </object_component>
      <object_component id="oc-46b">
         <name>.debug_info</name>
         <load_address>0x2017</load_address>
         <run_address>0x2017</run_address>
         <size>0xc0</size>
         <input_file_ref idref="fl-2"/>
      </object_component>
      <object_component id="oc-18d">
         <name>.debug_info</name>
         <load_address>0x20d7</load_address>
         <run_address>0x20d7</run_address>
         <size>0xca</size>
         <input_file_ref idref="fl-2"/>
      </object_component>
      <object_component id="oc-2c5">
         <name>.debug_info</name>
         <load_address>0x21a1</load_address>
         <run_address>0x21a1</run_address>
         <size>0xca</size>
         <input_file_ref idref="fl-2"/>
      </object_component>
      <object_component id="oc-2c8">
         <name>.debug_info</name>
         <load_address>0x226b</load_address>
         <run_address>0x226b</run_address>
         <size>0xc0</size>
         <input_file_ref idref="fl-2"/>
      </object_component>
      <object_component id="oc-25e">
         <name>.debug_info</name>
         <load_address>0x232b</load_address>
         <run_address>0x232b</run_address>
         <size>0xb6</size>
         <input_file_ref idref="fl-2"/>
      </object_component>
      <object_component id="oc-2b3">
         <name>.debug_info</name>
         <load_address>0x23e1</load_address>
         <run_address>0x23e1</run_address>
         <size>0xba</size>
         <input_file_ref idref="fl-2"/>
      </object_component>
      <object_component id="oc-3f4">
         <name>.debug_info</name>
         <load_address>0x249b</load_address>
         <run_address>0x249b</run_address>
         <size>0xc2</size>
         <input_file_ref idref="fl-2"/>
      </object_component>
      <object_component id="oc-232">
         <name>.debug_info</name>
         <load_address>0x255d</load_address>
         <run_address>0x255d</run_address>
         <size>0x257</size>
         <input_file_ref idref="fl-2"/>
      </object_component>
      <object_component id="oc-238">
         <name>.debug_info</name>
         <load_address>0x27b4</load_address>
         <run_address>0x27b4</run_address>
         <size>0x264</size>
         <input_file_ref idref="fl-2"/>
      </object_component>
      <object_component id="oc-244">
         <name>.debug_info</name>
         <load_address>0x2a18</load_address>
         <run_address>0x2a18</run_address>
         <size>0x1d1</size>
         <input_file_ref idref="fl-2"/>
      </object_component>
      <object_component id="oc-250">
         <name>.debug_info</name>
         <load_address>0x2be9</load_address>
         <run_address>0x2be9</run_address>
         <size>0x1c5</size>
         <input_file_ref idref="fl-2"/>
      </object_component>
      <object_component id="oc-36f">
         <name>.debug_info</name>
         <load_address>0x2dae</load_address>
         <run_address>0x2dae</run_address>
         <size>0x198</size>
         <input_file_ref idref="fl-2"/>
      </object_component>
      <object_component id="oc-24a">
         <name>.debug_info</name>
         <load_address>0x2f46</load_address>
         <run_address>0x2f46</run_address>
         <size>0x1d5</size>
         <input_file_ref idref="fl-2"/>
      </object_component>
      <object_component id="oc-cd">
         <name>.debug_info</name>
         <load_address>0x311b</load_address>
         <run_address>0x311b</run_address>
         <size>0x218</size>
         <input_file_ref idref="fl-2"/>
      </object_component>
      <object_component id="oc-256">
         <name>.debug_info</name>
         <load_address>0x3333</load_address>
         <run_address>0x3333</run_address>
         <size>0x230</size>
         <input_file_ref idref="fl-2"/>
      </object_component>
      <object_component id="oc-261">
         <name>.debug_info</name>
         <load_address>0x3563</load_address>
         <run_address>0x3563</run_address>
         <size>0x1a3</size>
         <input_file_ref idref="fl-2"/>
      </object_component>
      <object_component id="oc-3e8">
         <name>.debug_info</name>
         <load_address>0x3706</load_address>
         <run_address>0x3706</run_address>
         <size>0x101</size>
         <input_file_ref idref="fl-2"/>
      </object_component>
      <object_component id="oc-2f6">
         <name>.debug_info</name>
         <load_address>0x3807</load_address>
         <run_address>0x3807</run_address>
         <size>0x1a7</size>
         <input_file_ref idref="fl-2"/>
      </object_component>
      <object_component id="oc-308">
         <name>.debug_info</name>
         <load_address>0x39ae</load_address>
         <run_address>0x39ae</run_address>
         <size>0x261</size>
         <input_file_ref idref="fl-2"/>
      </object_component>
      <object_component id="oc-3ba">
         <name>.debug_info</name>
         <load_address>0x3c0f</load_address>
         <run_address>0x3c0f</run_address>
         <size>0x232</size>
         <input_file_ref idref="fl-2"/>
      </object_component>
      <object_component id="oc-3c0">
         <name>.debug_info</name>
         <load_address>0x3e41</load_address>
         <run_address>0x3e41</run_address>
         <size>0x101</size>
         <input_file_ref idref="fl-2"/>
      </object_component>
      <object_component id="oc-3c6">
         <name>.debug_info</name>
         <load_address>0x3f42</load_address>
         <run_address>0x3f42</run_address>
         <size>0x28a</size>
         <input_file_ref idref="fl-2"/>
      </object_component>
      <object_component id="oc-2a4">
         <name>.debug_info</name>
         <load_address>0x41cc</load_address>
         <run_address>0x41cc</run_address>
         <size>0x1ef</size>
         <input_file_ref idref="fl-2"/>
      </object_component>
      <object_component id="oc-438">
         <name>.debug_info</name>
         <load_address>0x43bb</load_address>
         <run_address>0x43bb</run_address>
         <size>0x5e7</size>
         <input_file_ref idref="fl-2"/>
      </object_component>
      <object_component id="oc-43e">
         <name>.debug_info</name>
         <load_address>0x49a2</load_address>
         <run_address>0x49a2</run_address>
         <size>0x1b0</size>
         <input_file_ref idref="fl-2"/>
      </object_component>
      <object_component id="oc-444">
         <name>.debug_info</name>
         <load_address>0x4b52</load_address>
         <run_address>0x4b52</run_address>
         <size>0x19e</size>
         <input_file_ref idref="fl-2"/>
      </object_component>
      <object_component id="oc-44a">
         <name>.debug_info</name>
         <load_address>0x4cf0</load_address>
         <run_address>0x4cf0</run_address>
         <size>0x24c</size>
         <input_file_ref idref="fl-2"/>
      </object_component>
      <object_component id="oc-456">
         <name>.debug_info</name>
         <load_address>0x4f3c</load_address>
         <run_address>0x4f3c</run_address>
         <size>0x2bc</size>
         <input_file_ref idref="fl-2"/>
      </object_component>
      <object_component id="oc-45c">
         <name>.debug_info</name>
         <load_address>0x51f8</load_address>
         <run_address>0x51f8</run_address>
         <size>0x198</size>
         <input_file_ref idref="fl-2"/>
      </object_component>
      <object_component id="oc-23e">
         <name>.debug_info</name>
         <load_address>0x5390</load_address>
         <run_address>0x5390</run_address>
         <size>0x1f2</size>
         <input_file_ref idref="fl-2"/>
      </object_component>
      <object_component id="oc-376">
         <name>.debug_info</name>
         <load_address>0x5582</load_address>
         <run_address>0x5582</run_address>
         <size>0x1c1</size>
         <input_file_ref idref="fl-2"/>
      </object_component>
      <object_component id="oc-26d">
         <name>.debug_info</name>
         <load_address>0x5743</load_address>
         <run_address>0x5743</run_address>
         <size>0x27b</size>
         <input_file_ref idref="fl-2"/>
      </object_component>
      <object_component id="oc-267">
         <name>.debug_info</name>
         <load_address>0x59be</load_address>
         <run_address>0x59be</run_address>
         <size>0x219</size>
         <input_file_ref idref="fl-2"/>
      </object_component>
      <object_component id="oc-462">
         <name>.debug_info</name>
         <load_address>0x5bd7</load_address>
         <run_address>0x5bd7</run_address>
         <size>0x86b</size>
         <input_file_ref idref="fl-2"/>
      </object_component>
      <object_component id="oc-30e">
         <name>.debug_info</name>
         <load_address>0x6442</load_address>
         <run_address>0x6442</run_address>
         <size>0x20e</size>
         <input_file_ref idref="fl-2"/>
      </object_component>
      <object_component id="oc-314">
         <name>.debug_info</name>
         <load_address>0x6650</load_address>
         <run_address>0x6650</run_address>
         <size>0x123</size>
         <input_file_ref idref="fl-2"/>
      </object_component>
      <object_component id="oc-470">
         <name>.debug_info</name>
         <load_address>0x6773</load_address>
         <run_address>0x6773</run_address>
         <size>0x256</size>
         <input_file_ref idref="fl-2"/>
      </object_component>
      <object_component id="oc-476">
         <name>.debug_info</name>
         <load_address>0x69c9</load_address>
         <run_address>0x69c9</run_address>
         <size>0x225</size>
         <input_file_ref idref="fl-2"/>
      </object_component>
      <object_component id="oc-47c">
         <name>.debug_info</name>
         <load_address>0x6bee</load_address>
         <run_address>0x6bee</run_address>
         <size>0x17d</size>
         <input_file_ref idref="fl-2"/>
      </object_component>
      <object_component id="oc-482">
         <name>.debug_info</name>
         <load_address>0x6d6b</load_address>
         <run_address>0x6d6b</run_address>
         <size>0x2f0</size>
         <input_file_ref idref="fl-2"/>
      </object_component>
      <object_component id="oc-31a">
         <name>.debug_info</name>
         <load_address>0x705b</load_address>
         <run_address>0x705b</run_address>
         <size>0x1d8</size>
         <input_file_ref idref="fl-2"/>
      </object_component>
      <object_component id="oc-489">
         <name>.debug_info</name>
         <load_address>0x7233</load_address>
         <run_address>0x7233</run_address>
         <size>0x2f0</size>
         <input_file_ref idref="fl-2"/>
      </object_component>
      <object_component id="oc-48f">
         <name>.debug_info</name>
         <load_address>0x7523</load_address>
         <run_address>0x7523</run_address>
         <size>0x1e2</size>
         <input_file_ref idref="fl-2"/>
      </object_component>
      <object_component id="oc-110">
         <name>.debug_info</name>
         <load_address>0x7705</load_address>
         <run_address>0x7705</run_address>
         <size>0x13b</size>
         <input_file_ref idref="fl-2"/>
      </object_component>
      <object_component id="oc-320">
         <name>.debug_info</name>
         <load_address>0x7840</load_address>
         <run_address>0x7840</run_address>
         <size>0x26d</size>
         <input_file_ref idref="fl-2"/>
      </object_component>
      <object_component id="oc-1ca">
         <name>.debug_info</name>
         <load_address>0x7aad</load_address>
         <run_address>0x7aad</run_address>
         <size>0x2e1</size>
         <input_file_ref idref="fl-2"/>
      </object_component>
      <object_component id="oc-175">
         <name>.debug_info</name>
         <load_address>0x7d8e</load_address>
         <run_address>0x7d8e</run_address>
         <size>0xf5</size>
         <input_file_ref idref="fl-2"/>
      </object_component>
      <object_component id="oc-2bd">
         <name>.debug_info</name>
         <load_address>0x7e83</load_address>
         <run_address>0x7e83</run_address>
         <size>0x101</size>
[...]
         <object_component_ref idref="oc-105"/>
      </symbol>
      <symbol id="sm-6be">
         <name>buffer1</name>
         <value>0x20000000</value>
         <object_component_ref idref="oc-467"/>
      </symbol>
      <symbol id="sm-6bf">
         <name>buffer2</name>
         <value>0x20001a40</value>
         <object_component_ref idref="oc-46a"/>
      </symbol>
      <symbol id="sm-6c0">
         <name>ADCSequenceDataGet</name>
         <value>0x4cf5</value>
         <object_component_ref idref="oc-255"/>
      </symbol>
      <symbol id="sm-6c1">
         <name>RAMP_UP</name>
         <value>0x20003484</value>
         <object_component_ref idref="oc-105"/>
      </symbol>
      <symbol id="sm-6c2">
         <name>SCI_Timer_INT_Handler</name>
         <value>0x26b1</value>
         <object_component_ref idref="oc-54"/>
      </symbol>
      <symbol id="sm-6c3">
         <name>CTime</name>
         <value>0x20003498</value>
         <object_component_ref idref="oc-105"/>
      </symbol>
      <symbol id="sm-6c4">
         <name>WTCT</name>
         <value>0x200034d7</value>
         <object_component_ref idref="oc-105"/>
      </symbol>
      <symbol id="sm-6c5">
         <name>ED_ADDR</name>
         <value>0x200034aa</value>
         <object_component_ref idref="oc-105"/>
      </symbol>
      <symbol id="sm-6c6">
         <name>Current_DAC_Value</name>
         <value>0x2000348e</value>
         <object_component_ref idref="oc-105"/>
      </symbol>
      <symbol id="sm-700">
         <name>ResetISR</name>
         <value>0x5053</value>
         <object_component_ref idref="oc-2a"/>
      </symbol>
      <symbol id="sm-701">
         <name>g_pfnVectors</name>
         <value>0x0</value>
         <object_component_ref idref="oc-f"/>
      </symbol>
      <symbol id="sm-76f">
         <name>UARTStdioConfig</name>
         <value>0x4069</value>
         <object_component_ref idref="oc-4ff"/>
      </symbol>
      <symbol id="sm-770">
         <name>UARTwrite</name>
         <value>0x45e9</value>
         <object_component_ref idref="oc-33c"/>
      </symbol>
      <symbol id="sm-771">
         <name>UARTprintf</name>
         <value>0x4d4b</value>
         <object_component_ref idref="oc-c4"/>
      </symbol>
      <symbol id="sm-772">
         <name>UARTvprintf</name>
         <value>0x1c91</value>
         <object_component_ref idref="oc-1dc"/>
      </symbol>
      <symbol id="sm-7b5">
         <name>FlashProtectSave</name>
         <value>0x4c49</value>
         <object_component_ref idref="oc-301"/>
      </symbol>
      <symbol id="sm-7b6">
         <name>FlashProgram</name>
         <value>0x3e71</value>
         <object_component_ref idref="oc-291"/>
      </symbol>
      <symbol id="sm-7b7">
         <name>FlashProtectSet</name>
         <value>0x3fa9</value>
         <object_component_ref idref="oc-2fb"/>
      </symbol>
      <symbol id="sm-851">
         <name>GPIOPinConfigure</name>
         <value>0x4559</value>
         <object_component_ref idref="oc-39f"/>
      </symbol>
      <symbol id="sm-852">
         <name>GPIOPinTypeI2CSCL</name>
         <value>0x4e6f</value>
         <object_component_ref idref="oc-50d"/>
      </symbol>
      <symbol id="sm-853">
         <name>GPIOIntDisable</name>
         <value>0x4f35</value>
         <object_component_ref idref="oc-4c5"/>
      </symbol>
      <symbol id="sm-854">
         <name>GPIOIntEnable</name>
         <value>0x4f79</value>
         <object_component_ref idref="oc-4ec"/>
      </symbol>
      <symbol id="sm-855">
         <name>GPIOPinTypeI2C</name>
         <value>0x4e5d</value>
         <object_component_ref idref="oc-513"/>
      </symbol>
      <symbol id="sm-856">
         <name>GPIOIntTypeSet</name>
         <value>0x42e1</value>
         <object_component_ref idref="oc-4e6"/>
      </symbol>
      <symbol id="sm-857">
         <name>GPIOPinTypeADC</name>
         <value>0x4e39</value>
         <object_component_ref idref="oc-22b"/>
      </symbol>
      <symbol id="sm-858">
         <name>GPIOPinTypeGPIOInput</name>
         <value>0x4e4b</value>
         <object_component_ref idref="oc-4e0"/>
      </symbol>
      <symbol id="sm-859">
         <name>GPIOIntClear</name>
         <value>0x5023</value>
         <object_component_ref idref="oc-194"/>
      </symbol>
      <symbol id="sm-85a">
         <name>GPIOPinTypeUART</name>
         <value>0x4ea5</value>
         <object_component_ref idref="oc-4f3"/>
      </symbol>
      <symbol id="sm-85b">
         <name>GPIOPinTypeGPIOOutput</name>
         <value>0x4d7d</value>
         <object_component_ref idref="oc-399"/>
      </symbol>
      <symbol id="sm-85c">
         <name>GPIOPinRead</name>
         <value>0x5029</value>
         <object_component_ref idref="oc-3db"/>
      </symbol>
      <symbol id="sm-85d">
         <name>GPIODirModeSet</name>
         <value>0x4b7d</value>
         <object_component_ref idref="oc-358"/>
      </symbol>
      <symbol id="sm-85e">
         <name>GPIOPinWrite</name>
         <value>0x502f</value>
         <object_component_ref idref="oc-213"/>
      </symbol>
      <symbol id="sm-85f">
         <name>GPIOPadConfigSet</name>
         <value>0x257d</value>
         <object_component_ref idref="oc-35e"/>
      </symbol>
      <symbol id="sm-860">
         <name>GPIOPinTypeSSI</name>
         <value>0x4e81</value>
         <object_component_ref idref="oc-3a5"/>
      </symbol>
      <symbol id="sm-861">
         <name>GPIOPinTypeTimer</name>
         <value>0x4e93</value>
         <object_component_ref idref="oc-590"/>
      </symbol>
      <symbol id="sm-8a6">
         <name>I2CSlaveIntClear</name>
         <value>0x4ffb</value>
         <object_component_ref idref="oc-150"/>
      </symbol>
      <symbol id="sm-8a7">
         <name>I2CSlaveIntEnableEx</name>
         <value>0x4f85</value>
         <object_component_ref idref="oc-519"/>
      </symbol>
      <symbol id="sm-8a8">
         <name>I2CSlaveIntClearEx</name>
         <value>0x5047</value>
         <object_component_ref idref="oc-180"/>
      </symbol>
      <symbol id="sm-8a9">
         <name>I2CSlaveDataGet</name>
         <value>0x503b</value>
         <object_component_ref idref="oc-15c"/>
      </symbol>
      <symbol id="sm-8aa">
         <name>I2CSlaveEnable</name>
         <value>0x4ec9</value>
         <object_component_ref idref="oc-525"/>
      </symbol>
      <symbol id="sm-8ab">
         <name>I2CSlaveDataPut</name>
         <value>0x5041</value>
         <object_component_ref idref="oc-3fc"/>
      </symbol>
      <symbol id="sm-8ac">
         <name>I2CSlaveStatus</name>
         <value>0x504d</value>
         <object_component_ref idref="oc-156"/>
      </symbol>
      <symbol id="sm-8ad">
         <name>I2CSlaveInit</name>
         <value>0x4f43</value>
         <object_component_ref idref="oc-52b"/>
      </symbol>
      <symbol id="sm-900">
         <name>IntPendClear</name>
         <value>0x45a1</value>
         <object_component_ref idref="oc-186"/>
      </symbol>
      <symbol id="sm-901">
         <name>IntEnable</name>
         <value>0x3f41</value>
         <object_component_ref idref="oc-1f9"/>
      </symbol>
      <symbol id="sm-902">
         <name>IntDisable</name>
         <value>0x3ed9</value>
         <object_component_ref idref="oc-13c"/>
      </symbol>
      <symbol id="sm-903">
         <name>IntMasterEnable</name>
         <value>0x4ed9</value>
         <object_component_ref idref="oc-51f"/>
      </symbol>
      <symbol id="sm-943">
         <name>SSIDataPut</name>
         <value>0x4fbf</value>
         <object_component_ref idref="oc-115"/>
      </symbol>
      <symbol id="sm-944">
         <name>SSIDMAEnable</name>
         <value>0x500b</value>
         <object_component_ref idref="oc-57a"/>
      </symbol>
      <symbol id="sm-945">
         <name>SSIIntClear</name>
         <value>0x5071</value>
         <object_component_ref idref="oc-e8"/>
      </symbol>
      <symbol id="sm-946">
         <name>SSIIntStatus</name>
         <value>0x4fd3</value>
         <object_component_ref idref="oc-e2"/>
      </symbol>
      <symbol id="sm-947">
         <name>SSIConfigSetExpClk</name>
         <value>0x4917</value>
         <object_component_ref idref="oc-3ab"/>
      </symbol>
      <symbol id="sm-948">
         <name>SSIEnable</name>
         <value>0x4fc9</value>
         <object_component_ref idref="oc-3b1"/>
      </symbol>
      <symbol id="sm-949">
         <name>SSIBusy</name>
         <value>0x5003</value>
         <object_component_ref idref="oc-11b"/>
      </symbol>
      <symbol id="sm-9a7">
         <name>SysCtlClockSet</name>
         <value>0x2be5</value>
         <object_component_ref idref="oc-2ef"/>
      </symbol>
      <symbol id="sm-9a8">
         <name>SysCtlDelay</name>
         <value>0x5059</value>
         <object_component_ref idref="oc-ee"/>
      </symbol>
      <symbol id="sm-9a9">
         <name>SysCtlPeripheralEnable</name>
         <value>0x4a29</value>
         <object_component_ref idref="oc-225"/>
      </symbol>
      <symbol id="sm-9aa">
         <name>SysCtlClockGet</name>
         <value>0x27cd</value>
         <object_component_ref idref="oc-ff"/>
      </symbol>
      <symbol id="sm-9ab">
         <name>SysCtlPeripheralReset</name>
         <value>0x4389</value>
         <object_component_ref idref="oc-507"/>
      </symbol>
      <symbol id="sm-9ba">
         <name>SysTickPeriodSet</name>
         <value>0x4ef9</value>
         <object_component_ref idref="oc-44f"/>
      </symbol>
      <symbol id="sm-a08">
         <name>TimerLoadSet</name>
         <value>0x4eb7</value>
         <object_component_ref idref="oc-53b"/>
      </symbol>
      <symbol id="sm-a09">
         <name>TimerDisable</name>
         <value>0x4d95</value>
         <object_component_ref idref="oc-142"/>
      </symbol>
      <symbol id="sm-a0a">
         <name>TimerEnable</name>
         <value>0x4f51</value>
         <object_component_ref idref="oc-541"/>
      </symbol>
      <symbol id="sm-a0b">
         <name>TimerIntDisable</name>
         <value>0x4fdd</value>
         <object_component_ref idref="oc-148"/>
      </symbol>
      <symbol id="sm-a0c">
         <name>TimerIntEnable</name>
         <value>0x5013</value>
         <object_component_ref idref="oc-547"/>
      </symbol>
      <symbol id="sm-a0d">
         <name>TimerConfigure</name>
         <value>0x4009</value>
         <object_component_ref idref="oc-535"/>
      </symbol>
      <symbol id="sm-a0e">
         <name>TimerControlEvent</name>
         <value>0x4e0d</value>
         <object_component_ref idref="oc-58a"/>
      </symbol>
      <symbol id="sm-a0f">
         <name>TimerIntClear</name>
         <value>0x5075</value>
         <object_component_ref idref="oc-109"/>
      </symbol>
      <symbol id="sm-a1c">
         <name>UARTClockSourceSet</name>
         <value>0x505f</value>
         <object_component_ref idref="oc-4f9"/>
      </symbol>
      <symbol id="sm-a93">
         <name>uDMAChannelControlSet</name>
         <value>0x4c91</value>
         <object_component_ref idref="oc-574"/>
      </symbol>
      <symbol id="sm-a94">
         <name>uDMAChannelIsEnabled</name>
         <value>0x4df5</value>
         <object_component_ref idref="oc-1ff"/>
      </symbol>
      <symbol id="sm-a95">
         <name>uDMAChannelDisable</name>
         <value>0x4dc5</value>
         <object_component_ref idref="oc-580"/>
      </symbol>
      <symbol id="sm-a96">
         <name>uDMAChannelAttributeEnable</name>
         <value>0x46c1</value>
         <object_component_ref idref="oc-56e"/>
      </symbol>
      <symbol id="sm-a97">
         <name>uDMAChannelTransferSet</name>
         <value>0x3abd</value>
         <object_component_ref idref="oc-205"/>
      </symbol>
      <symbol id="sm-a98">
         <name>uDMAChannelAssign</name>
         <value>0x4b51</value>
         <object_component_ref idref="oc-562"/>
      </symbol>
      <symbol id="sm-a99">
         <name>uDMAEnable</name>
         <value>0x4f09</value>
         <object_component_ref idref="oc-556"/>
      </symbol>
      <symbol id="sm-a9a">
         <name>uDMAControlBaseSet</name>
         <value>0x4fa9</value>
         <object_component_ref idref="oc-55c"/>
      </symbol>
      <symbol id="sm-a9b">
         <name>uDMAChannelAttributeDisable</name>
         <value>0x4679</value>
         <object_component_ref idref="oc-568"/>
      </symbol>
      <symbol id="sm-a9c">
         <name>uDMAChannelEnable</name>
         <value>0x4ddd</value>
         <object_component_ref idref="oc-20b"/>
      </symbol>
      <symbol id="sm-ad3">
         <name>WatchdogIntClear</name>
         <value>0x5065</value>
         <object_component_ref idref="oc-129"/>
      </symbol>
      <symbol id="sm-ad4">
         <name>WatchdogUnlock</name>
         <value>0x4f91</value>
         <object_component_ref idref="oc-40e"/>
      </symbol>
      <symbol id="sm-ad5">
         <name>WatchdogReloadSet</name>
         <value>0x5079</value>
         <object_component_ref idref="oc-414"/>
      </symbol>
      <symbol id="sm-ad6">
         <name>WatchdogResetEnable</name>
         <value>0x4ff1</value>
         <object_component_ref idref="oc-41a"/>
      </symbol>
      <symbol id="sm-ad7">
         <name>WatchdogEnable</name>
         <value>0x4fe7</value>
         <object_component_ref idref="oc-420"/>
      </symbol>
      <symbol id="sm-ad8">
         <name>WatchdogLock</name>
         <value>0x501b</value>
         <object_component_ref idref="oc-426"/>
      </symbol>
      <symbol id="sm-ae2">
         <name>CPUcpsie</name>
         <value>0x4f6d</value>
         <object_component_ref idref="oc-5ae"/>
      </symbol>
      <symbol id="sm-af4">
         <name>_c_int00</name>
         <value>0x43d9</value>
         <object_component_ref idref="oc-24"/>
      </symbol>
      <symbol id="sm-af5">
         <name>__stack</name>
         <value>0x200034f8</value>
         <object_component_ref idref="oc-29"/>
      </symbol>
      <symbol id="sm-b0c">
         <name>__TI_decompress_none</name>
         <value>0x4f5f</value>
         <object_component_ref idref="oc-12"/>
      </symbol>
      <symbol id="sm-b34">
         <name>__TI_decompress_rle24</name>
         <value>0x506b</value>
         <object_component_ref idref="oc-18"/>
      </symbol>
      <symbol id="sm-b46">
         <name>__TI_zero_init</name>
         <value>0x4f9d</value>
         <object_component_ref idref="oc-1e"/>
      </symbol>
      <symbol id="sm-b65">
         <name>C$$EXIT</name>
         <value>0x4791</value>
         <object_component_ref idref="oc-b8"/>
      </symbol>
      <symbol id="sm-b66">
         <name>abort</name>
         <value>0x4795</value>
         <object_component_ref idref="oc-b8"/>
      </symbol>
      <symbol id="sm-b67">
         <name>exit</name>
         <value>0x479d</value>
         <object_component_ref idref="oc-b8"/>
      </symbol>
      <symbol id="sm-b68">
         <name>__TI_dtors_ptr</name>
         <value>0x200034e8</value>
         <object_component_ref idref="oc-1d4"/>
      </symbol>
      <symbol id="sm-b69">
         <name>__TI_cleanup_ptr</name>
         <value>0x200034e4</value>
         <object_component_ref idref="oc-1d4"/>
      </symbol>
      <symbol id="sm-b80">
         <name>__aeabi_dmul</name>
         <value>0x2ae9</value>
         <object_component_ref idref="oc-380"/>
      </symbol>
      <symbol id="sm-b8d">
         <name>__aeabi_d2uiz</name>
         <value>0x47d5</value>
         <object_component_ref idref="oc-385"/>
      </symbol>
      <symbol id="sm-ba8">
         <name>memcpy</name>
         <value>0x3749</value>
         <object_component_ref idref="oc-81"/>
      </symbol>
      <symbol id="sm-ba9">
         <name>__aeabi_memcpy</name>
         <value>0x3749</value>
         <object_component_ref idref="oc-81"/>
      </symbol>
      <symbol id="sm-baa">
         <name>__aeabi_memcpy8</name>
         <value>0x3749</value>
         <object_component_ref idref="oc-81"/>
      </symbol>
      <symbol id="sm-bab">
         <name>__aeabi_memcpy4</name>
         <value>0x3749</value>
         <object_component_ref idref="oc-81"/>
      </symbol>
      <symbol id="sm-bba">
         <name>__aeabi_memset</name>
         <value>0x3c39</value>
         <object_component_ref idref="oc-9a"/>
      </symbol>
      <symbol id="sm-bbb">
         <name>memset</name>
         <value>0x3c3f</value>
         <object_component_ref idref="oc-9a"/>
      </symbol>
      <symbol id="sm-bbc">
         <name>__aeabi_memset8</name>
         <value>0x3c39</value>
         <object_component_ref idref="oc-9a"/>
      </symbol>
      <symbol id="sm-bbd">
         <name>__aeabi_memset4</name>
         <value>0x3c39</value>
         <object_component_ref idref="oc-9a"/>
      </symbol>
      <symbol id="sm-bbe">
         <name>__aeabi_memclr8</name>
         <value>0x3c37</value>
         <object_component_ref idref="oc-9a"/>
      </symbol>
      <symbol id="sm-bbf">
         <name>__aeabi_memclr4</name>
         <value>0x3c37</value>
         <object_component_ref idref="oc-9a"/>
      </symbol>
      <symbol id="sm-bc0">
         <name>__aeabi_memclr</name>
         <value>0x3c37</value>
         <object_component_ref idref="oc-9a"/>
      </symbol>
      <symbol id="sm-bca">
         <name>_system_pre_init</name>
         <value>0x507d</value>
         <object_component_ref idref="oc-a6"/>
      </symbol>
      <symbol id="sm-bd2">
         <name>main_func_sp</name>
         <value>0x200034f4</value>
         <object_component_ref idref="oc-be"/>
      </symbol>
      <symbol id="sm-be4">
         <name>__aeabi_uidivmod</name>
         <value>0x4899</value>
         <object_component_ref idref="oc-342"/>
      </symbol>
      <symbol id="sm-be5">
         <name>__aeabi_uidiv</name>
         <value>0x4899</value>
         <object_component_ref idref="oc-342"/>
      </symbol>
      <symbol id="sm-bf1">
         <name>__aeabi_ui2d</name>
         <value>0x4cd5</value>
         <object_component_ref idref="oc-37b"/>
      </symbol>
      <symbol id="sm-c0a">
         <name>_nop</name>
         <value>0x4e33</value>
         <object_component_ref idref="oc-32e"/>
      </symbol>
      <symbol id="sm-c0b">
         <name>_lock</name>
         <value>0x200034dc</value>
         <object_component_ref idref="oc-1d1"/>
      </symbol>
      <symbol id="sm-c0c">
         <name>_unlock</name>
         <value>0x200034e0</value>
         <object_component_ref idref="oc-1d1"/>
      </symbol>
      <symbol id="sm-c0d">
         <name>_register_lock</name>
         <value>0x4e2b</value>
         <object_component_ref idref="oc-32e"/>
      </symbol>
      <symbol id="sm-c0e">
         <name>_register_unlock</name>
         <value>0x4e25</value>
         <object_component_ref idref="oc-32e"/>
      </symbol>
      <symbol id="sm-c23">
         <name>_args_main</name>
         <value>0x4dad</value>
         <object_component_ref idref="oc-b2"/>
      </symbol>
      <symbol id="sm-c49">
         <name>__TI_auto_init</name>
         <value>0x3d99</value>
         <object_component_ref idref="oc-ac"/>
      </symbol>
      <symbol id="sm-c63">
         <name>copy_in</name>
         <value>0x450d</value>
         <object_component_ref idref="oc-1c1"/>
      </symbol>
      <symbol id="sm-c6d">
         <name>__aeabi_idiv0</name>
         <value>0x26af</value>
         <object_component_ref idref="oc-49f"/>
      </symbol>
      <symbol id="sm-c6e">
         <name>__TI_static_base__</name>
         <value>0x0</value>
      </symbol>
      <symbol id="sm-c71">
         <name>SHT$$INIT_ARRAY$$Limit</name>
         <value>0x0</value>
      </symbol>
      <symbol id="sm-c72">
         <name>SHT$$INIT_ARRAY$$Base</name>
         <value>0x0</value>
      </symbol>
   </symbol_table>
   <title>Link successful</title>
</link_info>
